<html>
<body>
<pre>
<h1>µVision Build Log</h1>
<h2>Tool Versions:</h2>
IDE-Version: ¦ÌVision V5.16a
Copyright (C) 2015 ARM Ltd and ARM Germany GmbH. All rights reserved.
License Information: Authuir Authuir, Authuir, LIC=YA3AR-K1LUR-CXMU6-DW85B-QB6K9-CPEG9
 
Tool Versions:
Toolchain:       MDK-ARM Standard  Version: 5.16a
Toolchain Path:  D:\Keil_v5\ARM\ARMCC\Bin
C Compiler:      Armcc.exe V5.06 (build 20)
Assembler:       Armasm.exe V5.06 (build 20)
Linker/Locator:  ArmLink.exe V5.06 (build 20)
Library Manager: ArmAr.exe V5.06 (build 20)
Hex Converter:   FromElf.exe V5.06 (build 20)
CPU DLL:         SARMCM3.DLL V5.16a
Dialog DLL:      DCM.DLL V1.13.2.0
Target DLL:      STLink\ST-LINKIII-KEIL_SWO.dll V2.0.17.0
Dialog DLL:      TCM.DLL V1.14.5.0
 
<h2>Project:</h2>
W:\Aircraft\AirCraft.uvprojx
Project File Date:  04/16/2016

<h2>Output:</h2>
*** Using Compiler 'V5.06 (build 20)', folder: 'D:\Keil_v5\ARM\ARMCC\Bin'
Build target 'AirCraft'
compiling system.c...
compiling stm32f7xx_it.c...
.\Middle\wifi.h(34): warning:  #1295-D: Deprecated declaration WifiSendCom_Reset - give arg types
  void WifiSendCom_Reset();
User\stm32f7xx_it.c: 1 warning, 0 errors
compiling main.c...
.\Middle\wifi.h(34): warning:  #1295-D: Deprecated declaration WifiSendCom_Reset - give arg types
  void WifiSendCom_Reset();
User\main.c(75): warning:  #111-D: statement is unreachable
  	PX4FlowPortInit();
User\main.c(87): warning:  #111-D: statement is unreachable
  	return 0;
User\main.c(47): warning:  #177-D: variable "res" was declared but never referenced
  	FRESULT res;                                          /* FatFs function common result code */
User\main.c(48): warning:  #177-D: variable "byteswritten" was declared but never referenced
  	uint32_t byteswritten, bytesread;                     /* File write/read counts */
User\main.c(48): warning:  #177-D: variable "bytesread" was declared but never referenced
  	uint32_t byteswritten, bytesread;                     /* File write/read counts */
User\main.c(49): warning:  #177-D: variable "wtext" was declared but never referenced
  	uint8_t wtext[] = "This is STM32 working with FatFs"; /* File write buffer */
User\main.c(50): warning:  #177-D: variable "rtext" was declared but never referenced
  	uint8_t rtext[100];                                   /* File read buffer */
User\main.c(25): warning:  #177-D: function "Error_Handler" was declared but never referenced
  static void Error_Handler(void)
User\main.c: 9 warnings, 0 errors
compiling stm32f7xx_hal_msp.c...
compiling gps.c...
compiling px4.c...
Middle\px4.c(159): warning:  #63-D: shift count is too large
      MyFlow.time_sec=(((unsigned long)flow_buf[7])<<64)|((unsigned long)flow_buf[6]<<56)|((unsigned long)flow_buf[5]<<48)|((unsigned long)flow_buf[4]<<40)
Middle\px4.c(159): warning:  #63-D: shift count is too large
      MyFlow.time_sec=(((unsigned long)flow_buf[7])<<64)|((unsigned long)flow_buf[6]<<56)|((unsigned long)flow_buf[5]<<48)|((unsigned long)flow_buf[4]<<40)
Middle\px4.c(159): warning:  #63-D: shift count is too large
      MyFlow.time_sec=(((unsigned long)flow_buf[7])<<64)|((unsigned long)flow_buf[6]<<56)|((unsigned long)flow_buf[5]<<48)|((unsigned long)flow_buf[4]<<40)
Middle\px4.c(159): warning:  #63-D: shift count is too large
      MyFlow.time_sec=(((unsigned long)flow_buf[7])<<64)|((unsigned long)flow_buf[6]<<56)|((unsigned long)flow_buf[5]<<48)|((unsigned long)flow_buf[4]<<40)
Middle\px4.c(160): warning:  #63-D: shift count is too large
        |((unsigned long)flow_buf[3]<<32)|((unsigned long)flow_buf[2]<<16)|((unsigned long)flow_buf[1]<<8)|((unsigned long)flow_buf[0]);
Middle\px4.c(121): warning:  #177-D: variable "cnt_offset" was declared but never referenced
    unsigned char cnt_offset=0;        
Middle\px4.c: 6 warnings, 0 errors
compiling bar.c...
compiling wifi.c...
Middle\wifi.h(34): warning:  #1295-D: Deprecated declaration WifiSendCom_Reset - give arg types
  void WifiSendCom_Reset();
Middle\wifi.c: 1 warning, 0 errors
compiling ff.c...
compiling ble.c...
compiling diskio.c...
compiling ff_gen_drv.c...
compiling sd_bsp.c...
compiling sd_diskio.c...
compiling comm.c...
compiling pwm.c...
compiling stm32f7xx_hal.c...
compiling stm32f7xx_hal_adc.c...
compiling stm32f7xx_hal_adc_ex.c...
compiling stm32f7xx_hal_can.c...
compiling stm32f7xx_hal_cec.c...
compiling stm32f7xx_hal_crc.c...
compiling stm32f7xx_hal_cortex.c...
compiling stm32f7xx_hal_crc_ex.c...
compiling stm32f7xx_hal_cryp.c...
compiling stm32f7xx_hal_cryp_ex.c...
compiling stm32f7xx_hal_dac.c...
compiling stm32f7xx_hal_dac_ex.c...
compiling stm32f7xx_hal_dcmi.c...
compiling stm32f7xx_hal_dcmi_ex.c...
compiling stm32f7xx_hal_dma_ex.c...
compiling stm32f7xx_hal_dma.c...
compiling stm32f7xx_hal_dma2d.c...
compiling stm32f7xx_hal_eth.c...
compiling stm32f7xx_hal_flash.c...
compiling stm32f7xx_hal_flash_ex.c...
compiling stm32f7xx_hal_gpio.c...
compiling stm32f7xx_hal_hash.c...
compiling stm32f7xx_hal_hash_ex.c...
compiling stm32f7xx_hal_hcd.c...
compiling stm32f7xx_hal_i2c_ex.c...
compiling stm32f7xx_hal_i2c.c...
compiling stm32f7xx_hal_i2s.c...
compiling stm32f7xx_hal_irda.c...
compiling stm32f7xx_hal_iwdg.c...
compiling stm32f7xx_hal_lptim.c...
compiling stm32f7xx_hal_ltdc.c...
compiling stm32f7xx_hal_msp_template.c...
compiling stm32f7xx_hal_nand.c...
compiling stm32f7xx_hal_nor.c...
compiling stm32f7xx_hal_pcd.c...
compiling stm32f7xx_hal_pcd_ex.c...
compiling stm32f7xx_hal_pwr.c...
compiling stm32f7xx_hal_pwr_ex.c...
compiling stm32f7xx_hal_qspi.c...
compiling stm32f7xx_hal_rcc.c...
compiling stm32f7xx_hal_rcc_ex.c...
compiling stm32f7xx_hal_rng.c...
compiling stm32f7xx_hal_rtc.c...
compiling stm32f7xx_hal_rtc_ex.c...
compiling stm32f7xx_hal_sai.c...
compiling stm32f7xx_hal_sai_ex.c...
compiling stm32f7xx_hal_sd.c...
compiling stm32f7xx_hal_sdram.c...
compiling stm32f7xx_hal_smartcard.c...
compiling stm32f7xx_hal_smartcard_ex.c...
compiling stm32f7xx_hal_spdifrx.c...
compiling stm32f7xx_hal_spi.c...
compiling stm32f7xx_hal_sram.c...
compiling stm32f7xx_hal_tim.c...
compiling stm32f7xx_hal_tim_ex.c...
compiling stm32f7xx_hal_uart.c...
compiling stm32f7xx_hal_usart.c...
compiling stm32f7xx_hal_wwdg.c...
compiling stm32f7xx_ll_fmc.c...
assembling startup_stm32f756xx.s...
compiling system_stm32f7xx.c...
compiling stm32f7xx_ll_sdmmc.c...
compiling stm32f7xx_ll_usb.c...
linking...
Program Size: Code=22630 RO-data=506 RW-data=1584 ZI-data=4328  
".\Objects\AirCraft.axf" - 0 Error(s), 17 Warning(s).

<h2>Software Packages used:</h2>

Package Vendor: ARM
                http://www.keil.com/pack/ARM.CMSIS.4.3.0.pack
                ARM::CMSIS:DSP:1.4.5
                CMSIS (Cortex Microcontroller Software Interface Standard)
   * Component: DSP Version: 1.4.5
   * Component: CORE Version: 4.1.0

Package Vendor: Keil
                http://www.keil.com/pack/Keil.STM32F7xx_DFP.2.2.0.pack
                Keil::Device:Startup:1.0.1
                STMicroelectronics STM32F7 Series Device Support, Drivers and Examples
   * Component: Startup Version: 1.0.1

<h2>Collection of Component include folders:</h2>
  W:\Aircraft\RTE
  D:\Keil_v5\ARM\PACK\ARM\CMSIS\4.3.0\CMSIS\Include
  D:\Keil_v5\ARM\PACK\Keil\STM32F7xx_DFP\2.2.0\Drivers\CMSIS\Device\ST\STM32F7xx\Include

<h2>Collection of Component Files used:</h2>

   * Component: ARM::CMSIS:DSP:1.4.5
      Library file:  CMSIS\Lib\ARM\arm_cortexM7lfsp_math.lib
      Include file:  CMSIS\Include\arm_math.h

   * Component: ARM::CMSIS:CORE:4.1.0

   * Component: Keil::Device:Startup:1.0.1
      Source file:   Drivers\CMSIS\Device\ST\STM32F7xx\Source\Templates\system_stm32f7xx.c
      Source file:   MDK\Device\Source\ARM\STM32F7xx_OPT.s
      Source file:   Drivers\CMSIS\Device\ST\STM32F7xx\Source\Templates\arm\startup_stm32f756xx.s
      Source file:   MDK\Device\Source\ARM\STM32F7xx_OTP.s
      Include file:  Drivers\CMSIS\Device\ST\STM32F7xx\Include\stm32f7xx.h
Build Time Elapsed:  00:02:55
</pre>
</body>
</html>
