Component: ARM Compiler 5.06 (build 20) Tool: armlink [4d35a3]

==============================================================================

Section Cross References

    main.o(i.Error_Handler) refers to stm32f7xx_hal_gpio.o(i.HAL_GPIO_WritePin) for HAL_GPIO_WritePin
    main.o(i.Error_Handler) refers to stm32f7xx_hal.o(i.HAL_Delay) for HAL_Delay
    main.o(i.main) refers to rt_memcpy_w.o(.text) for __aeabi_memcpy4
    main.o(i.main) refers to system.o(i.MPU_Config) for MPU_Config
    main.o(i.main) refers to system.o(i.CPU_CACHE_Enable) for CPU_CACHE_Enable
    main.o(i.main) refers to system.o(i.SystemClock_Config) for SystemClock_Config
    main.o(i.main) refers to stm32f7xx_hal.o(i.HAL_Init) for HAL_Init
    main.o(i.main) refers to system.o(i.Init_LED) for Init_LED
    main.o(i.main) refers to stm32f7xx_hal_gpio.o(i.HAL_GPIO_WritePin) for HAL_GPIO_WritePin
    main.o(i.main) refers to pwm.o(i.Init_PWM) for Init_PWM
    main.o(i.main) refers to drleqf.o(x$fpl$drleqf) for __aeabi_cdrcmple
    main.o(i.main) refers to daddsub_clz.o(x$fpl$dadd) for __aeabi_dadd
    main.o(i.main) refers to pwm.o(i.PWM_CHG) for PWM_CHG
    main.o(i.main) refers to daddsub_clz.o(x$fpl$dsub) for __aeabi_dsub
    main.o(i.main) refers to stm32f7xx_hal.o(i.HAL_Delay) for HAL_Delay
    system.o(i.CPU_CACHE_Enable) refers to system.o(i.SCB_EnableDCache) for SCB_EnableDCache
    system.o(i.Init_LED) refers to stm32f7xx_hal_gpio.o(i.HAL_GPIO_Init) for HAL_GPIO_Init
    system.o(i.Init_LED) refers to stm32f7xx_hal_gpio.o(i.HAL_GPIO_WritePin) for HAL_GPIO_WritePin
    system.o(i.MPU_Config) refers to stm32f7xx_hal_cortex.o(i.HAL_MPU_ConfigRegion) for HAL_MPU_ConfigRegion
    system.o(i.SystemClock_Config) refers to stm32f7xx_hal_rcc.o(i.HAL_RCC_OscConfig) for HAL_RCC_OscConfig
    system.o(i.SystemClock_Config) refers to stm32f7xx_hal_pwr_ex.o(i.HAL_PWREx_EnableOverDrive) for HAL_PWREx_EnableOverDrive
    system.o(i.SystemClock_Config) refers to stm32f7xx_hal_rcc.o(i.HAL_RCC_ClockConfig) for HAL_RCC_ClockConfig
    stm32f7xx_it.o(i.DMA1_Stream3_IRQHandler) refers to stm32f7xx_hal_dma.o(i.HAL_DMA_IRQHandler) for HAL_DMA_IRQHandler
    stm32f7xx_it.o(i.DMA1_Stream3_IRQHandler) refers to ble.o(.bss) for BleUartHandle
    stm32f7xx_it.o(i.SysTick_Handler) refers to stm32f7xx_hal.o(i.HAL_IncTick) for HAL_IncTick
    stm32f7xx_it.o(i.SysTick_Handler) refers to system.o(.data) for mscnt
    stm32f7xx_it.o(i.UART4_IRQHandler) refers to stm32f7xx_hal_uart.o(i.HAL_UART_IRQHandler) for HAL_UART_IRQHandler
    stm32f7xx_it.o(i.UART4_IRQHandler) refers to gps.o(i.GPS_Resolver) for GPS_Resolver
    stm32f7xx_it.o(i.UART4_IRQHandler) refers to gps.o(.bss) for GPS_UartHandle
    stm32f7xx_it.o(i.UART7_IRQHandler) refers to stm32f7xx_hal_uart.o(i.HAL_UART_IRQHandler) for HAL_UART_IRQHandler
    stm32f7xx_it.o(i.UART7_IRQHandler) refers to ble.o(i.BLE_ReCheck) for BLE_ReCheck
    stm32f7xx_it.o(i.UART7_IRQHandler) refers to ble.o(.bss) for BleUartHandle
    stm32f7xx_it.o(i.USART1_IRQHandler) refers to stm32f7xx_hal_uart.o(i.HAL_UART_IRQHandler) for HAL_UART_IRQHandler
    stm32f7xx_it.o(i.USART1_IRQHandler) refers to px4.o(i.Flow_Mavlink) for Flow_Mavlink
    stm32f7xx_it.o(i.USART1_IRQHandler) refers to px4.o(.bss) for PX4_UartHandle
    stm32f7xx_it.o(i.USART2_IRQHandler) refers to stm32f7xx_hal_uart.o(i.HAL_UART_IRQHandler) for HAL_UART_IRQHandler
    stm32f7xx_it.o(i.USART2_IRQHandler) refers to wifi.o(i.WifiSendCom_Check) for WifiSendCom_Check
    stm32f7xx_it.o(i.USART2_IRQHandler) refers to wifi.o(.bss) for WifiUartHandle
    stm32f7xx_it.o(i.USART2_IRQHandler) refers to stm32f7xx_it.o(.data) for read_num
    stm32f7xx_it.o(i.USART2_IRQHandler) refers to stm32f7xx_it.o(.bss) for read
    stm32f7xx_hal_msp.o(i.HAL_UART_MspDeInit) refers to ble.o(i.BLE_UART_MspDeInit) for BLE_UART_MspDeInit
    stm32f7xx_hal_msp.o(i.HAL_UART_MspDeInit) refers to wifi.o(i.WIFI_UART_MspDeInit) for WIFI_UART_MspDeInit
    stm32f7xx_hal_msp.o(i.HAL_UART_MspInit) refers to ble.o(i.BLE_UART_MspInit) for BLE_UART_MspInit
    stm32f7xx_hal_msp.o(i.HAL_UART_MspInit) refers to wifi.o(i.WIFI_UART_MspInit) for WIFI_UART_MspInit
    stm32f7xx_hal_msp.o(i.HAL_UART_MspInit) refers to px4.o(i.PX4_UART_MspInit) for PX4_UART_MspInit
    stm32f7xx_hal_msp.o(i.HAL_UART_MspInit) refers to gps.o(i.GPS_UART_MspInit) for GPS_UART_MspInit
    gps.o(i.GPSPortInit) refers to stm32f7xx_hal_uart.o(i.HAL_UART_DeInit) for HAL_UART_DeInit
    gps.o(i.GPSPortInit) refers to stm32f7xx_hal_uart.o(i.HAL_UART_Init) for HAL_UART_Init
    gps.o(i.GPSPortInit) refers to gps.o(.bss) for GPS_UartHandle
    gps.o(i.GPS_GPGGA) refers to gps.o(i.ToInt) for ToInt
    gps.o(i.GPS_GPGGA) refers to gps.o(i.ToFloat) for ToFloat
    gps.o(i.GPS_GPGGA) refers to gps.o(i.ToChar) for ToChar
    gps.o(i.GPS_GPGGA) refers to gps.o(.data) for GPGGA_Flag
    gps.o(i.GPS_GPGGA) refers to gps.o(.bss) for GPGGA_P
    gps.o(i.GPS_GPGLL) refers to gps.o(i.ToFloat) for ToFloat
[...]
    Driver\STM32F7xx_HAL_Driver\Src\stm32f7xx_hal_rng.c 0x00000000   Number         0  stm32f7xx_hal_rng.o ABSOLUTE
    Driver\STM32F7xx_HAL_Driver\Src\stm32f7xx_hal_rtc.c 0x00000000   Number         0  stm32f7xx_hal_rtc.o ABSOLUTE
    Driver\STM32F7xx_HAL_Driver\Src\stm32f7xx_hal_rtc_ex.c 0x00000000   Number         0  stm32f7xx_hal_rtc_ex.o ABSOLUTE
    Driver\STM32F7xx_HAL_Driver\Src\stm32f7xx_hal_sai.c 0x00000000   Number         0  stm32f7xx_hal_sai.o ABSOLUTE
    Driver\STM32F7xx_HAL_Driver\Src\stm32f7xx_hal_sai_ex.c 0x00000000   Number         0  stm32f7xx_hal_sai_ex.o ABSOLUTE
    Driver\STM32F7xx_HAL_Driver\Src\stm32f7xx_hal_sd.c 0x00000000   Number         0  stm32f7xx_hal_sd.o ABSOLUTE
    Driver\STM32F7xx_HAL_Driver\Src\stm32f7xx_hal_sdram.c 0x00000000   Number         0  stm32f7xx_hal_sdram.o ABSOLUTE
    Driver\STM32F7xx_HAL_Driver\Src\stm32f7xx_hal_smartcard.c 0x00000000   Number         0  stm32f7xx_hal_smartcard.o ABSOLUTE
    Driver\STM32F7xx_HAL_Driver\Src\stm32f7xx_hal_smartcard_ex.c 0x00000000   Number         0  stm32f7xx_hal_smartcard_ex.o ABSOLUTE
    Driver\STM32F7xx_HAL_Driver\Src\stm32f7xx_hal_spdifrx.c 0x00000000   Number         0  stm32f7xx_hal_spdifrx.o ABSOLUTE
    Driver\STM32F7xx_HAL_Driver\Src\stm32f7xx_hal_spi.c 0x00000000   Number         0  stm32f7xx_hal_spi.o ABSOLUTE
    Driver\STM32F7xx_HAL_Driver\Src\stm32f7xx_hal_sram.c 0x00000000   Number         0  stm32f7xx_hal_sram.o ABSOLUTE
    Driver\STM32F7xx_HAL_Driver\Src\stm32f7xx_hal_tim.c 0x00000000   Number         0  stm32f7xx_hal_tim.o ABSOLUTE
    Driver\STM32F7xx_HAL_Driver\Src\stm32f7xx_hal_tim_ex.c 0x00000000   Number         0  stm32f7xx_hal_tim_ex.o ABSOLUTE
    Driver\STM32F7xx_HAL_Driver\Src\stm32f7xx_hal_uart.c 0x00000000   Number         0  stm32f7xx_hal_uart.o ABSOLUTE
    Driver\STM32F7xx_HAL_Driver\Src\stm32f7xx_hal_usart.c 0x00000000   Number         0  stm32f7xx_hal_usart.o ABSOLUTE
    Driver\STM32F7xx_HAL_Driver\Src\stm32f7xx_hal_wwdg.c 0x00000000   Number         0  stm32f7xx_hal_wwdg.o ABSOLUTE
    Driver\STM32F7xx_HAL_Driver\Src\stm32f7xx_ll_fmc.c 0x00000000   Number         0  stm32f7xx_ll_fmc.o ABSOLUTE
    Driver\STM32F7xx_HAL_Driver\Src\stm32f7xx_ll_sdmmc.c 0x00000000   Number         0  stm32f7xx_ll_sdmmc.o ABSOLUTE
    Driver\STM32F7xx_HAL_Driver\Src\stm32f7xx_ll_usb.c 0x00000000   Number         0  stm32f7xx_ll_usb.o ABSOLUTE
    Driver\\STM32F7xx_HAL_Driver\\Src\\stm32f7xx_hal.c 0x00000000   Number         0  stm32f7xx_hal.o ABSOLUTE
    Driver\\STM32F7xx_HAL_Driver\\Src\\stm32f7xx_hal_adc.c 0x00000000   Number         0  stm32f7xx_hal_adc.o ABSOLUTE
    Driver\\STM32F7xx_HAL_Driver\\Src\\stm32f7xx_hal_adc_ex.c 0x00000000   Number         0  stm32f7xx_hal_adc_ex.o ABSOLUTE
    Driver\\STM32F7xx_HAL_Driver\\Src\\stm32f7xx_hal_can.c 0x00000000   Number         0  stm32f7xx_hal_can.o ABSOLUTE
    Driver\\STM32F7xx_HAL_Driver\\Src\\stm32f7xx_hal_cec.c 0x00000000   Number         0  stm32f7xx_hal_cec.o ABSOLUTE
    Driver\\STM32F7xx_HAL_Driver\\Src\\stm32f7xx_hal_cortex.c 0x00000000   Number         0  stm32f7xx_hal_cortex.o ABSOLUTE
    Driver\\STM32F7xx_HAL_Driver\\Src\\stm32f7xx_hal_crc.c 0x00000000   Number         0  stm32f7xx_hal_crc.o ABSOLUTE
    Driver\\STM32F7xx_HAL_Driver\\Src\\stm32f7xx_hal_crc_ex.c 0x00000000   Number         0  stm32f7xx_hal_crc_ex.o ABSOLUTE
    Driver\\STM32F7xx_HAL_Driver\\Src\\stm32f7xx_hal_cryp.c 0x00000000   Number         0  stm32f7xx_hal_cryp.o ABSOLUTE
    Driver\\STM32F7xx_HAL_Driver\\Src\\stm32f7xx_hal_cryp_ex.c 0x00000000   Number         0  stm32f7xx_hal_cryp_ex.o ABSOLUTE
    Driver\\STM32F7xx_HAL_Driver\\Src\\stm32f7xx_hal_dac.c 0x00000000   Number         0  stm32f7xx_hal_dac.o ABSOLUTE
    Driver\\STM32F7xx_HAL_Driver\\Src\\stm32f7xx_hal_dac_ex.c 0x00000000   Number         0  stm32f7xx_hal_dac_ex.o ABSOLUTE
    Driver\\STM32F7xx_HAL_Driver\\Src\\stm32f7xx_hal_dcmi.c 0x00000000   Number         0  stm32f7xx_hal_dcmi.o ABSOLUTE
    Driver\\STM32F7xx_HAL_Driver\\Src\\stm32f7xx_hal_dcmi_ex.c 0x00000000   Number         0  stm32f7xx_hal_dcmi_ex.o ABSOLUTE
    Driver\\STM32F7xx_HAL_Driver\\Src\\stm32f7xx_hal_dma.c 0x00000000   Number         0  stm32f7xx_hal_dma.o ABSOLUTE
    Driver\\STM32F7xx_HAL_Driver\\Src\\stm32f7xx_hal_dma2d.c 0x00000000   Number         0  stm32f7xx_hal_dma2d.o ABSOLUTE
    Driver\\STM32F7xx_HAL_Driver\\Src\\stm32f7xx_hal_dma_ex.c 0x00000000   Number         0  stm32f7xx_hal_dma_ex.o ABSOLUTE
    Driver\\STM32F7xx_HAL_Driver\\Src\\stm32f7xx_hal_eth.c 0x00000000   Number         0  stm32f7xx_hal_eth.o ABSOLUTE
    Driver\\STM32F7xx_HAL_Driver\\Src\\stm32f7xx_hal_flash.c 0x00000000   Number         0  stm32f7xx_hal_flash.o ABSOLUTE
    Driver\\STM32F7xx_HAL_Driver\\Src\\stm32f7xx_hal_flash_ex.c 0x00000000   Number         0  stm32f7xx_hal_flash_ex.o ABSOLUTE
    Driver\\STM32F7xx_HAL_Driver\\Src\\stm32f7xx_hal_gpio.c 0x00000000   Number         0  stm32f7xx_hal_gpio.o ABSOLUTE
    Driver\\STM32F7xx_HAL_Driver\\Src\\stm32f7xx_hal_hash.c 0x00000000   Number         0  stm32f7xx_hal_hash.o ABSOLUTE
    Driver\\STM32F7xx_HAL_Driver\\Src\\stm32f7xx_hal_hash_ex.c 0x00000000   Number         0  stm32f7xx_hal_hash_ex.o ABSOLUTE
    Driver\\STM32F7xx_HAL_Driver\\Src\\stm32f7xx_hal_hcd.c 0x00000000   Number         0  stm32f7xx_hal_hcd.o ABSOLUTE
    Driver\\STM32F7xx_HAL_Driver\\Src\\stm32f7xx_hal_i2c.c 0x00000000   Number         0  stm32f7xx_hal_i2c.o ABSOLUTE
    Driver\\STM32F7xx_HAL_Driver\\Src\\stm32f7xx_hal_i2c_ex.c 0x00000000   Number         0  stm32f7xx_hal_i2c_ex.o ABSOLUTE
    Driver\\STM32F7xx_HAL_Driver\\Src\\stm32f7xx_hal_i2s.c 0x00000000   Number         0  stm32f7xx_hal_i2s.o ABSOLUTE
    Driver\\STM32F7xx_HAL_Driver\\Src\\stm32f7xx_hal_irda.c 0x00000000   Number         0  stm32f7xx_hal_irda.o ABSOLUTE
    Driver\\STM32F7xx_HAL_Driver\\Src\\stm32f7xx_hal_iwdg.c 0x00000000   Number         0  stm32f7xx_hal_iwdg.o ABSOLUTE
    Driver\\STM32F7xx_HAL_Driver\\Src\\stm32f7xx_hal_lptim.c 0x00000000   Number         0  stm32f7xx_hal_lptim.o ABSOLUTE
    Driver\\STM32F7xx_HAL_Driver\\Src\\stm32f7xx_hal_ltdc.c 0x00000000   Number         0  stm32f7xx_hal_ltdc.o ABSOLUTE
    Driver\\STM32F7xx_HAL_Driver\\Src\\stm32f7xx_hal_msp_template.c 0x00000000   Number         0  stm32f7xx_hal_msp_template.o ABSOLUTE
    Driver\\STM32F7xx_HAL_Driver\\Src\\stm32f7xx_hal_nand.c 0x00000000   Number         0  stm32f7xx_hal_nand.o ABSOLUTE
    Driver\\STM32F7xx_HAL_Driver\\Src\\stm32f7xx_hal_nor.c 0x00000000   Number         0  stm32f7xx_hal_nor.o ABSOLUTE
    Driver\\STM32F7xx_HAL_Driver\\Src\\stm32f7xx_hal_pcd.c 0x00000000   Number         0  stm32f7xx_hal_pcd.o ABSOLUTE
    Driver\\STM32F7xx_HAL_Driver\\Src\\stm32f7xx_hal_pcd_ex.c 0x00000000   Number         0  stm32f7xx_hal_pcd_ex.o ABSOLUTE
    Driver\\STM32F7xx_HAL_Driver\\Src\\stm32f7xx_hal_pwr.c 0x00000000   Number         0  stm32f7xx_hal_pwr.o ABSOLUTE
    Driver\\STM32F7xx_HAL_Driver\\Src\\stm32f7xx_hal_pwr_ex.c 0x00000000   Number         0  stm32f7xx_hal_pwr_ex.o ABSOLUTE
    Driver\\STM32F7xx_HAL_Driver\\Src\\stm32f7xx_hal_qspi.c 0x00000000   Number         0  stm32f7xx_hal_qspi.o ABSOLUTE
    Driver\\STM32F7xx_HAL_Driver\\Src\\stm32f7xx_hal_rcc.c 0x00000000   Number         0  stm32f7xx_hal_rcc.o ABSOLUTE
    Driver\\STM32F7xx_HAL_Driver\\Src\\stm32f7xx_hal_rcc_ex.c 0x00000000   Number         0  stm32f7xx_hal_rcc_ex.o ABSOLUTE
    Driver\\STM32F7xx_HAL_Driver\\Src\\stm32f7xx_hal_rng.c 0x00000000   Number         0  stm32f7xx_hal_rng.o ABSOLUTE
    Driver\\STM32F7xx_HAL_Driver\\Src\\stm32f7xx_hal_rtc.c 0x00000000   Number         0  stm32f7xx_hal_rtc.o ABSOLUTE
    Driver\\STM32F7xx_HAL_Driver\\Src\\stm32f7xx_hal_rtc_ex.c 0x00000000   Number         0  stm32f7xx_hal_rtc_ex.o ABSOLUTE
    Driver\\STM32F7xx_HAL_Driver\\Src\\stm32f7xx_hal_sai.c 0x00000000   Number         0  stm32f7xx_hal_sai.o ABSOLUTE
    Driver\\STM32F7xx_HAL_Driver\\Src\\stm32f7xx_hal_sai_ex.c 0x00000000   Number         0  stm32f7xx_hal_sai_ex.o ABSOLUTE
    Driver\\STM32F7xx_HAL_Driver\\Src\\stm32f7xx_hal_sd.c 0x00000000   Number         0  stm32f7xx_hal_sd.o ABSOLUTE
    Driver\\STM32F7xx_HAL_Driver\\Src\\stm32f7xx_hal_sdram.c 0x00000000   Number         0  stm32f7xx_hal_sdram.o ABSOLUTE
    Driver\\STM32F7xx_HAL_Driver\\Src\\stm32f7xx_hal_smartcard.c 0x00000000   Number         0  stm32f7xx_hal_smartcard.o ABSOLUTE
    Driver\\STM32F7xx_HAL_Driver\\Src\\stm32f7xx_hal_smartcard_ex.c 0x00000000   Number         0  stm32f7xx_hal_smartcard_ex.o ABSOLUTE
    Driver\\STM32F7xx_HAL_Driver\\Src\\stm32f7xx_hal_spdifrx.c 0x00000000   Number         0  stm32f7xx_hal_spdifrx.o ABSOLUTE
    Driver\\STM32F7xx_HAL_Driver\\Src\\stm32f7xx_hal_spi.c 0x00000000   Number         0  stm32f7xx_hal_spi.o ABSOLUTE
    Driver\\STM32F7xx_HAL_Driver\\Src\\stm32f7xx_hal_sram.c 0x00000000   Number         0  stm32f7xx_hal_sram.o ABSOLUTE
    Driver\\STM32F7xx_HAL_Driver\\Src\\stm32f7xx_hal_tim.c 0x00000000   Number         0  stm32f7xx_hal_tim.o ABSOLUTE
    Driver\\STM32F7xx_HAL_Driver\\Src\\stm32f7xx_hal_tim_ex.c 0x00000000   Number         0  stm32f7xx_hal_tim_ex.o ABSOLUTE
    Driver\\STM32F7xx_HAL_Driver\\Src\\stm32f7xx_hal_uart.c 0x00000000   Number         0  stm32f7xx_hal_uart.o ABSOLUTE
    Driver\\STM32F7xx_HAL_Driver\\Src\\stm32f7xx_hal_usart.c 0x00000000   Number         0  stm32f7xx_hal_usart.o ABSOLUTE
    Driver\\STM32F7xx_HAL_Driver\\Src\\stm32f7xx_hal_wwdg.c 0x00000000   Number         0  stm32f7xx_hal_wwdg.o ABSOLUTE
    Driver\\STM32F7xx_HAL_Driver\\Src\\stm32f7xx_ll_fmc.c 0x00000000   Number         0  stm32f7xx_ll_fmc.o ABSOLUTE
    Driver\\STM32F7xx_HAL_Driver\\Src\\stm32f7xx_ll_sdmmc.c 0x00000000   Number         0  stm32f7xx_ll_sdmmc.o ABSOLUTE
    Driver\\STM32F7xx_HAL_Driver\\Src\\stm32f7xx_ll_usb.c 0x00000000   Number         0  stm32f7xx_ll_usb.o ABSOLUTE
    Middle\\ble.c                            0x00000000   Number         0  ble.o ABSOLUTE
    Middle\\comm.c                           0x00000000   Number         0  comm.o ABSOLUTE
    Middle\\fatfs\\diskio.c                  0x00000000   Number         0  diskio.o ABSOLUTE
    Middle\\fatfs\\ff_gen_drv.c              0x00000000   Number         0  ff_gen_drv.o ABSOLUTE
    Middle\\fatfs\\sd_bsp.c                  0x00000000   Number         0  sd_bsp.o ABSOLUTE
    Middle\\fatfs\\sd_diskio.c               0x00000000   Number         0  sd_diskio.o ABSOLUTE
    Middle\\gps.c                            0x00000000   Number         0  gps.o ABSOLUTE
    Middle\\pwm.c                            0x00000000   Number         0  pwm.o ABSOLUTE
    Middle\\px4.c                            0x00000000   Number         0  px4.o ABSOLUTE
    Middle\\wifi.c                           0x00000000   Number         0  wifi.o ABSOLUTE
    Middle\bar.c                             0x00000000   Number         0  bar.o ABSOLUTE
    Middle\ble.c                             0x00000000   Number         0  ble.o ABSOLUTE
    Middle\comm.c                            0x00000000   Number         0  comm.o ABSOLUTE
    Middle\fatfs\diskio.c                    0x00000000   Number         0  diskio.o ABSOLUTE
    Middle\fatfs\ff.c                        0x00000000   Number         0  ff.o ABSOLUTE
    Middle\fatfs\ff_gen_drv.c                0x00000000   Number         0  ff_gen_drv.o ABSOLUTE
    Middle\fatfs\sd_bsp.c                    0x00000000   Number         0  sd_bsp.o ABSOLUTE
    Middle\fatfs\sd_diskio.c                 0x00000000   Number         0  sd_diskio.o ABSOLUTE
    Middle\gps.c                             0x00000000   Number         0  gps.o ABSOLUTE
    Middle\pwm.c                             0x00000000   Number         0  pwm.o ABSOLUTE
    Middle\px4.c                             0x00000000   Number         0  px4.o ABSOLUTE
    Middle\wifi.c                            0x00000000   Number         0  wifi.o ABSOLUTE
    RTE\Device\STM32F756VGTx\startup_stm32f756xx.s 0x00000000   Number         0  startup_stm32f756xx.o ABSOLUTE
    RTE\Device\STM32F756VGTx\system_stm32f7xx.c 0x00000000   Number         0  system_stm32f7xx.o ABSOLUTE
    RTE\\Device\\STM32F756VGTx\\system_stm32f7xx.c 0x00000000   Number         0  system_stm32f7xx.o ABSOLUTE
    User\\main.c                             0x00000000   Number         0  main.o ABSOLUTE
    User\\stm32f7xx_hal_msp.c                0x00000000   Number         0  stm32f7xx_hal_msp.o ABSOLUTE
    User\\stm32f7xx_it.c                     0x00000000   Number         0  stm32f7xx_it.o ABSOLUTE
    User\\system.c                           0x00000000   Number         0  system.o ABSOLUTE
    User\main.c                              0x00000000   Number         0  main.o ABSOLUTE
    User\stm32f7xx_hal_msp.c                 0x00000000   Number         0  stm32f7xx_hal_msp.o ABSOLUTE
    User\stm32f7xx_it.c                      0x00000000   Number         0  stm32f7xx_it.o ABSOLUTE
    User\system.c                            0x00000000   Number         0  system.o ABSOLUTE
    dc.s                                     0x00000000   Number         0  dc.o ABSOLUTE
    RESET                                    0x08000000   Section      456  startup_stm32f756xx.o(RESET)
    !!!main                                  0x080001c8   Section        8  __main.o(!!!main)
    !!!scatter                               0x080001d0   Section       52  __scatter.o(!!!scatter)
    !!dczerorl2                              0x08000204   Section       90  __dczerorl2.o(!!dczerorl2)
    !!handler_zi                             0x08000260   Section       28  __scatter_zi.o(!!handler_zi)
    .ARM.Collect$$libinit$$00000000          0x0800027c   Section        2  libinit.o(.ARM.Collect$$libinit$$00000000)
    .ARM.Collect$$libinit$$00000001          0x0800027e   Section        4  libinit2.o(.ARM.Collect$$libinit$$00000001)
    .ARM.Collect$$libinit$$00000004          0x08000282   Section        0  libinit2.o(.ARM.Collect$$libinit$$00000004)
    .ARM.Collect$$libinit$$0000000A          0x08000282   Section        0  libinit2.o(.ARM.Collect$$libinit$$0000000A)
    .ARM.Collect$$libinit$$0000000C          0x08000282   Section        0  libinit2.o(.ARM.Collect$$libinit$$0000000C)
    .ARM.Collect$$libinit$$0000000E          0x08000282   Section        0  libinit2.o(.ARM.Collect$$libinit$$0000000E)
    .ARM.Collect$$libinit$$00000011          0x08000282   Section        0  libinit2.o(.ARM.Collect$$libinit$$00000011)
    .ARM.Collect$$libinit$$00000013          0x08000282   Section        0  libinit2.o(.ARM.Collect$$libinit$$00000013)
    .ARM.Collect$$libinit$$00000015          0x08000282   Section        0  libinit2.o(.ARM.Collect$$libinit$$00000015)
    .ARM.Collect$$libinit$$00000017          0x08000282   Section        0  libinit2.o(.ARM.Collect$$libinit$$00000017)
    .ARM.Collect$$libinit$$00000019          0x08000282   Section        0  libinit2.o(.ARM.Collect$$libinit$$00000019)
    .ARM.Collect$$libinit$$0000001B          0x08000282   Section        0  libinit2.o(.ARM.Collect$$libinit$$0000001B)
    .ARM.Collect$$libinit$$0000001D          0x08000282   Section        0  libinit2.o(.ARM.Collect$$libinit$$0000001D)
    .ARM.Collect$$libinit$$0000001F          0x08000282   Section        0  libinit2.o(.ARM.Collect$$libinit$$0000001F)
    .ARM.Collect$$libinit$$00000021          0x08000282   Section        0  libinit2.o(.ARM.Collect$$libinit$$00000021)
    .ARM.Collect$$libinit$$00000023          0x08000282   Section        0  libinit2.o(.ARM.Collect$$libinit$$00000023)
    .ARM.Collect$$libinit$$00000025          0x08000282   Section        0  libinit2.o(.ARM.Collect$$libinit$$00000025)
    .ARM.Collect$$libinit$$0000002C          0x08000282   Section        0  libinit2.o(.ARM.Collect$$libinit$$0000002C)
    .ARM.Collect$$libinit$$0000002E          0x08000282   Section        0  libinit2.o(.ARM.Collect$$libinit$$0000002E)
    .ARM.Collect$$libinit$$00000030          0x08000282   Section        0  libinit2.o(.ARM.Collect$$libinit$$00000030)
    .ARM.Collect$$libinit$$00000032          0x08000282   Section        0  libinit2.o(.ARM.Collect$$libinit$$00000032)
    .ARM.Collect$$libinit$$00000033          0x08000282   Section        2  libinit2.o(.ARM.Collect$$libinit$$00000033)
    .ARM.Collect$$libshutdown$$00000000      0x08000284   Section        2  libshutdown.o(.ARM.Collect$$libshutdown$$00000000)
    .ARM.Collect$$libshutdown$$00000002      0x08000286   Section        0  libshutdown2.o(.ARM.Collect$$libshutdown$$00000002)
    .ARM.Collect$$libshutdown$$00000004      0x08000286   Section        0  libshutdown2.o(.ARM.Collect$$libshutdown$$00000004)
    .ARM.Collect$$libshutdown$$00000007      0x08000286   Section        0  libshutdown2.o(.ARM.Collect$$libshutdown$$00000007)
    .ARM.Collect$$libshutdown$$0000000A      0x08000286   Section        0  libshutdown2.o(.ARM.Collect$$libshutdown$$0000000A)
    .ARM.Collect$$libshutdown$$0000000C      0x08000286   Section        0  libshutdown2.o(.ARM.Collect$$libshutdown$$0000000C)
    .ARM.Collect$$libshutdown$$0000000F      0x08000286   Section        0  libshutdown2.o(.ARM.Collect$$libshutdown$$0000000F)
    .ARM.Collect$$libshutdown$$00000010      0x08000286   Section        2  libshutdown2.o(.ARM.Collect$$libshutdown$$00000010)
    .ARM.Collect$$rtentry$$00000000          0x08000288   Section        0  __rtentry.o(.ARM.Collect$$rtentry$$00000000)
    .ARM.Collect$$rtentry$$00000002          0x08000288   Section        0  __rtentry2.o(.ARM.Collect$$rtentry$$00000002)
    .ARM.Collect$$rtentry$$00000004          0x08000288   Section        6  __rtentry4.o(.ARM.Collect$$rtentry$$00000004)
    .ARM.Collect$$rtentry$$00000009          0x0800028e   Section        0  __rtentry2.o(.ARM.Collect$$rtentry$$00000009)
    .ARM.Collect$$rtentry$$0000000A          0x0800028e   Section        4  __rtentry2.o(.ARM.Collect$$rtentry$$0000000A)
    .ARM.Collect$$rtentry$$0000000C          0x08000292   Section        0  __rtentry2.o(.ARM.Collect$$rtentry$$0000000C)
    .ARM.Collect$$rtentry$$0000000D          0x08000292   Section        8  __rtentry2.o(.ARM.Collect$$rtentry$$0000000D)
    .ARM.Collect$$rtexit$$00000000           0x0800029a   Section        2  rtexit.o(.ARM.Collect$$rtexit$$00000000)
    .ARM.Collect$$rtexit$$00000002           0x0800029c   Section        0  rtexit2.o(.ARM.Collect$$rtexit$$00000002)
    .ARM.Collect$$rtexit$$00000003           0x0800029c   Section        4  rtexit2.o(.ARM.Collect$$rtexit$$00000003)
    .ARM.Collect$$rtexit$$00000004           0x080002a0   Section        6  rtexit2.o(.ARM.Collect$$rtexit$$00000004)
    .text                                    0x080002a8   Section       64  startup_stm32f756xx.o(.text)
    $v0                                      0x080002a8   Number         0  startup_stm32f756xx.o(.text)
    .text                                    0x080002e8   Section      100  rt_memcpy_w.o(.text)
    .text                                    0x0800034c   Section        0  heapauxi.o(.text)
    .text                                    0x08000352   Section       74  sys_stackheap_outer.o(.text)
    .text                                    0x0800039c   Section        0  exit.o(.text)
    .text                                    0x080003b0   Section        8  libspace.o(.text)
    .text                                    0x080003b8   Section        0  sys_exit.o(.text)
    .text                                    0x080003c4   Section        2  use_no_semi.o(.text)
    .text                                    0x080003c6   Section        0  indicate_semi.o(.text)
    i.BLE_ReCheck                            0x080003c8   Section        0  ble.o(i.BLE_ReCheck)
    i.BusFault_Handler                       0x08000410   Section        0  stm32f7xx_it.o(i.BusFault_Handler)
    i.BytesToFloat                           0x08000414   Section        0  px4.o(i.BytesToFloat)
    i.CPU_CACHE_Enable                       0x0800041c   Section        0  system.o(i.CPU_CACHE_Enable)
    i.DMA1_Stream1_IRQHandler                0x08000484   Section        0  stm32f7xx_it.o(i.DMA1_Stream1_IRQHandler)
    i.DMA1_Stream3_IRQHandler                0x08000488   Section        0  stm32f7xx_it.o(i.DMA1_Stream3_IRQHandler)
    i.DMA2_Stream2_IRQHandler                0x08000498   Section        0  stm32f7xx_it.o(i.DMA2_Stream2_IRQHandler)
    i.DebugMon_Handler                       0x0800049a   Section        0  stm32f7xx_it.o(i.DebugMon_Handler)
    i.EXTI15_10_IRQHandler                   0x0800049c   Section        0  stm32f7xx_it.o(i.EXTI15_10_IRQHandler)
    i.Flow_Mavlink                           0x080004a0   Section        0  px4.o(i.Flow_Mavlink)
    i.GPS_GPGGA                              0x0800066c   Section        0  gps.o(i.GPS_GPGGA)
    i.GPS_GPGLL                              0x080007f4   Section        0  gps.o(i.GPS_GPGLL)
    i.GPS_GPGSA                              0x080008ec   Section        0  gps.o(i.GPS_GPGSA)
    i.GPS_GPGSV                              0x08000914   Section        0  gps.o(i.GPS_GPGSV)
    i.GPS_GPRMC                              0x0800093c   Section        0  gps.o(i.GPS_GPRMC)
    i.GPS_GPVTG                              0x08000ad0   Section        0  gps.o(i.GPS_GPVTG)
    i.GPS_Resolver                           0x08000b94   Section        0  gps.o(i.GPS_Resolver)
    i.HAL_DMA_IRQHandler                     0x08000fa4   Section        0  stm32f7xx_hal_dma.o(i.HAL_DMA_IRQHandler)
    i.HAL_Delay                              0x080035dc   Section        0  stm32f7xx_hal.o(i.HAL_Delay)
    i.HAL_GPIO_Init                          0x080035f8   Section        0  stm32f7xx_hal_gpio.o(i.HAL_GPIO_Init)
    i.HAL_GPIO_WritePin                      0x08003810   Section        0  stm32f7xx_hal_gpio.o(i.HAL_GPIO_WritePin)
    i.HAL_GetTick                            0x0800381c   Section        0  stm32f7xx_hal.o(i.HAL_GetTick)
    i.HAL_IncTick                            0x08003828   Section        0  stm32f7xx_hal.o(i.HAL_IncTick)
    i.HAL_Init                               0x08003838   Section        0  stm32f7xx_hal.o(i.HAL_Init)
    i.HAL_InitTick                           0x08003860   Section        0  stm32f7xx_hal.o(i.HAL_InitTick)
    i.HAL_MPU_ConfigRegion                   0x08003884   Section        0  stm32f7xx_hal_cortex.o(i.HAL_MPU_ConfigRegion)
    i.HAL_MspInit                            0x080038e0   Section        0  stm32f7xx_hal_msp_template.o(i.HAL_MspInit)
    i.HAL_NVIC_SetPriority                   0x080038e2   Section        0  stm32f7xx_hal_cortex.o(i.HAL_NVIC_SetPriority)
    i.HAL_NVIC_SetPriorityGrouping           0x08003960   Section        0  stm32f7xx_hal_cortex.o(i.HAL_NVIC_SetPriorityGrouping)
    i.HAL_PWREx_EnableOverDrive              0x08003988   Section        0  stm32f7xx_hal_pwr_ex.o(i.HAL_PWREx_EnableOverDrive)
    i.HAL_RCC_ClockConfig                    0x08003a18   Section        0  stm32f7xx_hal_rcc.o(i.HAL_RCC_ClockConfig)
    i.HAL_RCC_GetHCLKFreq                    0x08003c80   Section        0  stm32f7xx_hal_rcc.o(i.HAL_RCC_GetHCLKFreq)
    i.HAL_RCC_GetSysClockFreq                0x08003cb8   Section        0  stm32f7xx_hal_rcc.o(i.HAL_RCC_GetSysClockFreq)
    i.HAL_RCC_OscConfig                      0x08003d6c   Section        0  stm32f7xx_hal_rcc.o(i.HAL_RCC_OscConfig)
    i.HAL_SYSTICK_Config                     0x080042c0   Section        0  stm32f7xx_hal_cortex.o(i.HAL_SYSTICK_Config)
    i.HAL_TIM_PWM_ConfigChannel              0x080042f4   Section        0  stm32f7xx_hal_tim_ex.o(i.HAL_TIM_PWM_ConfigChannel)
    i.HAL_TIM_PWM_Init                       0x08004468   Section        0  stm32f7xx_hal_tim.o(i.HAL_TIM_PWM_Init)
    i.HAL_TIM_PWM_MspInit                    0x0800449c   Section        0  stm32f7xx_hal_tim.o(i.HAL_TIM_PWM_MspInit)
    i.HAL_TIM_PWM_Start                      0x080044a0   Section        0  stm32f7xx_hal_tim.o(i.HAL_TIM_PWM_Start)
    i.HAL_UART_ErrorCallback                 0x080044ec   Section        0  stm32f7xx_hal_uart.o(i.HAL_UART_ErrorCallback)
    i.HAL_UART_IRQHandler                    0x080044ee   Section        0  stm32f7xx_hal_uart.o(i.HAL_UART_IRQHandler)
    i.HAL_UART_RxCpltCallback                0x08004600   Section        0  stm32f7xx_hal_uart.o(i.HAL_UART_RxCpltCallback)
    i.HAL_UART_TxCpltCallback                0x08004602   Section        0  stm32f7xx_hal_uart.o(i.HAL_UART_TxCpltCallback)
    i.HardFault_Handler                      0x08004604   Section        0  stm32f7xx_it.o(i.HardFault_Handler)
    i.Init_LED                               0x08004608   Section        0  system.o(i.Init_LED)
    i.Init_PWM                               0x08004658   Section        0  pwm.o(i.Init_PWM)
    i.MPU_Config                             0x08004770   Section        0  system.o(i.MPU_Config)
    i.MemManage_Handler                      0x080047f4   Section        0  stm32f7xx_it.o(i.MemManage_Handler)
    i.NMI_Handler                            0x080047f8   Section        0  stm32f7xx_it.o(i.NMI_Handler)
    i.NVIC_GetPriorityGrouping               0x080047fc   Section        0  stm32f7xx_hal_cortex.o(i.NVIC_GetPriorityGrouping)
    NVIC_GetPriorityGrouping                 0x080047fd   Thumb Code    10  stm32f7xx_hal_cortex.o(i.NVIC_GetPriorityGrouping)
    i.NVIC_SetPriority                       0x0800480c   Section        0  stm32f7xx_hal_cortex.o(i.NVIC_SetPriority)
    NVIC_SetPriority                         0x0800480d   Thumb Code    32  stm32f7xx_hal_cortex.o(i.NVIC_SetPriority)
    i.PWM_CHG                                0x08004834   Section        0  pwm.o(i.PWM_CHG)
    i.PWM_Error_Handler                      0x080048f4   Section        0  pwm.o(i.PWM_Error_Handler)
    i.PendSV_Handler                         0x080048f6   Section        0  stm32f7xx_it.o(i.PendSV_Handler)
    i.SCB_EnableDCache                       0x080048f8   Section        0  system.o(i.SCB_EnableDCache)
    SCB_EnableDCache                         0x080048f9   Thumb Code   154  system.o(i.SCB_EnableDCache)
    i.SVC_Handler                            0x0800499c   Section        0  stm32f7xx_it.o(i.SVC_Handler)
    i.SysTick_Handler                        0x080049a0   Section        0  stm32f7xx_it.o(i.SysTick_Handler)
    i.SystemClock_Config                     0x080049b8   Section        0  system.o(i.SystemClock_Config)
    i.SystemInit                             0x08004a28   Section        0  system_stm32f7xx.o(i.SystemInit)
    i.TIM_Base_SetConfig                     0x08004a8c   Section        0  stm32f7xx_hal_tim.o(i.TIM_Base_SetConfig)
    i.TIM_CCxChannelCmd                      0x08004b70   Section        0  stm32f7xx_hal_tim.o(i.TIM_CCxChannelCmd)
    i.TIM_OC1_SetConfig                      0x08004b8c   Section        0  stm32f7xx_hal_tim.o(i.TIM_OC1_SetConfig)
    i.TIM_OC2_SetConfig                      0x08004c00   Section        0  stm32f7xx_hal_tim.o(i.TIM_OC2_SetConfig)
    i.TIM_OC3_SetConfig                      0x08004c7c   Section        0  stm32f7xx_hal_tim.o(i.TIM_OC3_SetConfig)
    i.TIM_OC4_SetConfig                      0x08004cf8   Section        0  stm32f7xx_hal_tim.o(i.TIM_OC4_SetConfig)
    i.TIM_OC5_SetConfig                      0x08004d5c   Section        0  stm32f7xx_hal_tim_ex.o(i.TIM_OC5_SetConfig)
    TIM_OC5_SetConfig                        0x08004d5d   Thumb Code    74  stm32f7xx_hal_tim_ex.o(i.TIM_OC5_SetConfig)
    i.TIM_OC6_SetConfig                      0x08004db4   Section        0  stm32f7xx_hal_tim_ex.o(i.TIM_OC6_SetConfig)
    TIM_OC6_SetConfig                        0x08004db5   Thumb Code    76  stm32f7xx_hal_tim_ex.o(i.TIM_OC6_SetConfig)
    i.ToChar                                 0x08004e0c   Section        0  gps.o(i.ToChar)
    i.ToFloat                                0x08004e1c   Section        0  gps.o(i.ToFloat)
    i.ToInt                                  0x08004ec0   Section        0  gps.o(i.ToInt)
    i.UART4_IRQHandler                       0x08004f10   Section        0  stm32f7xx_it.o(i.UART4_IRQHandler)
    i.UART7_IRQHandler                       0x08004f30   Section        0  stm32f7xx_it.o(i.UART7_IRQHandler)
    i.UART_EndTransmit_IT                    0x08004f50   Section        0  stm32f7xx_hal_uart.o(i.UART_EndTransmit_IT)
    UART_EndTransmit_IT                      0x08004f51   Thumb Code    60  stm32f7xx_hal_uart.o(i.UART_EndTransmit_IT)
    i.UART_Receive_IT                        0x08004f8c   Section        0  stm32f7xx_hal_uart.o(i.UART_Receive_IT)
    UART_Receive_IT                          0x08004f8d   Thumb Code   160  stm32f7xx_hal_uart.o(i.UART_Receive_IT)
    i.UART_Transmit_IT                       0x0800502c   Section        0  stm32f7xx_hal_uart.o(i.UART_Transmit_IT)
    UART_Transmit_IT                         0x0800502d   Thumb Code   164  stm32f7xx_hal_uart.o(i.UART_Transmit_IT)
    i.UART_WaitOnFlagUntilTimeout            0x080050d0   Section        0  stm32f7xx_hal_uart.o(i.UART_WaitOnFlagUntilTimeout)
    i.USART1_IRQHandler                      0x080051c8   Section        0  stm32f7xx_it.o(i.USART1_IRQHandler)
    i.USART2_IRQHandler                      0x080051e8   Section        0  stm32f7xx_it.o(i.USART2_IRQHandler)
    i.UsageFault_Handler                     0x08005220   Section        0  stm32f7xx_it.o(i.UsageFault_Handler)
    i.WifiSendCom_Check                      0x08005224   Section        0  wifi.o(i.WifiSendCom_Check)
    i.main                                   0x08005288   Section        0  main.o(i.main)
    x$fpl$dadd                               0x080053ac   Section      336  daddsub_clz.o(x$fpl$dadd)
    $v0                                      0x080053ac   Number         0  daddsub_clz.o(x$fpl$dadd)
    _dadd1                                   0x080053bd   Thumb Code     0  daddsub_clz.o(x$fpl$dadd)
    x$fpl$dcmpinf                            0x080054fc   Section       24  dcmpi.o(x$fpl$dcmpinf)
    $v0                                      0x080054fc   Number         0  dcmpi.o(x$fpl$dcmpinf)
    x$fpl$dfixu                              0x08005514   Section       90  dfixu.o(x$fpl$dfixu)
    $v0                                      0x08005514   Number         0  dfixu.o(x$fpl$dfixu)
    x$fpl$dleqf                              0x08005570   Section      120  dleqf.o(x$fpl$dleqf)
    $v0                                      0x08005570   Number         0  dleqf.o(x$fpl$dleqf)
    x$fpl$dmul                               0x080055e8   Section      340  dmul.o(x$fpl$dmul)
    $v0                                      0x080055e8   Number         0  dmul.o(x$fpl$dmul)
    x$fpl$dnaninf                            0x0800573c   Section      156  dnaninf.o(x$fpl$dnaninf)
    $v0                                      0x0800573c   Number         0  dnaninf.o(x$fpl$dnaninf)
    x$fpl$dretinf                            0x080057d8   Section       12  dretinf.o(x$fpl$dretinf)
    $v0                                      0x080057d8   Number         0  dretinf.o(x$fpl$dretinf)
    x$fpl$drleqf                             0x080057e4   Section      108  drleqf.o(x$fpl$drleqf)
    $v0                                      0x080057e4   Number         0  drleqf.o(x$fpl$drleqf)
    x$fpl$dsub                               0x08005850   Section      468  daddsub_clz.o(x$fpl$dsub)
    $v0                                      0x08005850   Number         0  daddsub_clz.o(x$fpl$dsub)
    _dsub1                                   0x08005861   Thumb Code     0  daddsub_clz.o(x$fpl$dsub)
    x$fpl$fpinit                             0x08005a24   Section       10  fpinit.o(x$fpl$fpinit)
    $v0                                      0x08005a24   Number         0  fpinit.o(x$fpl$fpinit)
    .constdata                               0x08005a2e   Section       16  stm32f7xx_hal_rcc.o(.constdata)
    x$fpl$usenofp                            0x08005a2e   Section        0  usenofp.o(x$fpl$usenofp)
    .data                                    0x20010000   Section        4  system.o(.data)
    .data                                    0x20010004   Section        1  stm32f7xx_it.o(.data)
    .data                                    0x20010008   Section     1257  gps.o(.data)
    IsStart                                  0x200104f0   Data           1  gps.o(.data)
    .data                                    0x200104f4   Section       30  px4.o(.data)
    s_flow                                   0x20010510   Data           1  px4.o(.data)
    data_cnt                                 0x20010511   Data           1  px4.o(.data)
    .data                                    0x20010514   Section       15  wifi.o(.data)
    OK_Num                                   0x20010522   Data           1  wifi.o(.data)
    .data                                    0x20010523   Section      258  ble.o(.data)
    CommonNum                                0x20010624   Data           1  ble.o(.data)
    .data                                    0x20010628   Section        4  stm32f7xx_hal.o(.data)
    uwTick                                   0x20010628   Data           4  stm32f7xx_hal.o(.data)
    .data                                    0x2001062c   Section        4  system_stm32f7xx.o(.data)
    .bss                                     0x20010630   Section      100  stm32f7xx_it.o(.bss)
    .bss                                     0x20010694   Section     1672  gps.o(.bss)
    .bss                                     0x20010d1c   Section      350  px4.o(.bss)
    .bss                                     0x20010e7c   Section      112  wifi.o(.bss)
    .bss                                     0x20010eec   Section      368  ble.o(.bss)
    .bss                                     0x2001105c   Section       88  pwm.o(.bss)
    hPwm                                     0x2001105c   Data          60  pwm.o(.bss)
    hPwmOC                                   0x20011098   Data          28  pwm.o(.bss)
    .bss                                     0x200110b4   Section       96  libspace.o(.bss)
    HEAP                                     0x20011118   Section      512  startup_stm32f756xx.o(HEAP)
    Heap_Mem                                 0x20011118   Data         512  startup_stm32f756xx.o(HEAP)
    STACK                                    0x20011318   Section     1024  startup_stm32f756xx.o(STACK)
    Stack_Mem                                0x20011318   Data        1024  startup_stm32f756xx.o(STACK)
    __initial_sp                             0x20011718   Data           0  startup_stm32f756xx.o(STACK)

    Global Symbols

    Symbol Name                              Value     Ov Type        Size  Object(Section)

    BuildAttributes$$THM_ISAv4$E$P$D$K$B$S$7EM$VFPi3$EXTD16$VFPS$VFMA$PE$PLD8$A:L22UL41UL21$X:L11$S22US41US21$IEEE1$IW$USESV6$~STKCKD$USESV7$~SHL$OSPACE$ROPI$EBA8$UX$STANDARDLIB$REQ8$PRES8$EABIv2 0x00000000   Number         0  anon$$obj.o ABSOLUTE
    __ARM_use_no_argv                        0x00000000   Number         0  main.o ABSOLUTE
    __ARM_exceptions_init                     - Undefined Weak Reference
    __alloca_initialize                       - Undefined Weak Reference
    __arm_preinit_                            - Undefined Weak Reference
    __cpp_initialize__aeabi_                  - Undefined Weak Reference
    __cxa_finalize                            - Undefined Weak Reference
    __rt_locale                               - Undefined Weak Reference
    __sigvec_lookup                           - Undefined Weak Reference
    _atexit_init                              - Undefined Weak Reference
    _call_atexit_fns                          - Undefined Weak Reference
    _clock_init                               - Undefined Weak Reference
    _fp_trap_init                             - Undefined Weak Reference
    _fp_trap_shutdown                         - Undefined Weak Reference
    _get_lc_collate                           - Undefined Weak Reference
    _get_lc_ctype                             - Undefined Weak Reference
    _get_lc_monetary                          - Undefined Weak Reference
    _get_lc_numeric                           - Undefined Weak Reference
    _get_lc_time                              - Undefined Weak Reference
    _getenv_init                              - Undefined Weak Reference
    _handle_redirection                       - Undefined Weak Reference
    _init_alloc                               - Undefined Weak Reference
    _init_user_alloc                          - Undefined Weak Reference
    _initio                                   - Undefined Weak Reference
    _rand_init                                - Undefined Weak Reference
    _signal_finish                            - Undefined Weak Reference
    _signal_init                              - Undefined Weak Reference
    _terminate_alloc                          - Undefined Weak Reference
    _terminate_user_alloc                     - Undefined Weak Reference
    _terminateio                              - Undefined Weak Reference
    __Vectors_Size                           0x000001c8   Number         0  startup_stm32f756xx.o ABSOLUTE
    __Vectors                                0x08000000   Data           4  startup_stm32f756xx.o(RESET)
    __Vectors_End                            0x080001c8   Data           0  startup_stm32f756xx.o(RESET)
    __main                                   0x080001c9   Thumb Code     8  __main.o(!!!main)
    __scatterload                            0x080001d1   Thumb Code     0  __scatter.o(!!!scatter)
    __scatterload_rt2                        0x080001d1   Thumb Code    44  __scatter.o(!!!scatter)
    __scatterload_rt2_thumb_only             0x080001d1   Thumb Code     0  __scatter.o(!!!scatter)
    __scatterload_null                       0x080001df   Thumb Code     0  __scatter.o(!!!scatter)
    __decompress                             0x08000205   Thumb Code    90  __dczerorl2.o(!!dczerorl2)
    __decompress1                            0x08000205   Thumb Code     0  __dczerorl2.o(!!dczerorl2)
    __scatterload_zeroinit                   0x08000261   Thumb Code    28  __scatter_zi.o(!!handler_zi)
    __rt_lib_init                            0x0800027d   Thumb Code     0  libinit.o(.ARM.Collect$$libinit$$00000000)
    __rt_lib_init_fp_1                       0x0800027f   Thumb Code     0  libinit2.o(.ARM.Collect$$libinit$$00000001)
    __rt_lib_init_alloca_1                   0x08000283   Thumb Code     0  libinit2.o(.ARM.Collect$$libinit$$0000002E)
    __rt_lib_init_argv_1                     0x08000283   Thumb Code     0  libinit2.o(.ARM.Collect$$libinit$$0000002C)
    __rt_lib_init_atexit_1                   0x08000283   Thumb Code     0  libinit2.o(.ARM.Collect$$libinit$$0000001B)
    __rt_lib_init_clock_1                    0x08000283   Thumb Code     0  libinit2.o(.ARM.Collect$$libinit$$00000021)
    __rt_lib_init_cpp_1                      0x08000283   Thumb Code     0  libinit2.o(.ARM.Collect$$libinit$$00000032)
    __rt_lib_init_exceptions_1               0x08000283   Thumb Code     0  libinit2.o(.ARM.Collect$$libinit$$00000030)
    __rt_lib_init_fp_trap_1                  0x08000283   Thumb Code     0  libinit2.o(.ARM.Collect$$libinit$$0000001F)
    __rt_lib_init_getenv_1                   0x08000283   Thumb Code     0  libinit2.o(.ARM.Collect$$libinit$$00000023)
    __rt_lib_init_heap_1                     0x08000283   Thumb Code     0  libinit2.o(.ARM.Collect$$libinit$$0000000A)
    __rt_lib_init_lc_collate_1               0x08000283   Thumb Code     0  libinit2.o(.ARM.Collect$$libinit$$00000011)
    __rt_lib_init_lc_ctype_1                 0x08000283   Thumb Code     0  libinit2.o(.ARM.Collect$$libinit$$00000013)
    __rt_lib_init_lc_monetary_1              0x08000283   Thumb Code     0  libinit2.o(.ARM.Collect$$libinit$$00000015)
    __rt_lib_init_lc_numeric_1               0x08000283   Thumb Code     0  libinit2.o(.ARM.Collect$$libinit$$00000017)
    __rt_lib_init_lc_time_1                  0x08000283   Thumb Code     0  libinit2.o(.ARM.Collect$$libinit$$00000019)
    __rt_lib_init_preinit_1                  0x08000283   Thumb Code     0  libinit2.o(.ARM.Collect$$libinit$$00000004)
    __rt_lib_init_rand_1                     0x08000283   Thumb Code     0  libinit2.o(.ARM.Collect$$libinit$$0000000E)
    __rt_lib_init_return                     0x08000283   Thumb Code     0  libinit2.o(.ARM.Collect$$libinit$$00000033)
    __rt_lib_init_signal_1                   0x08000283   Thumb Code     0  libinit2.o(.ARM.Collect$$libinit$$0000001D)
    __rt_lib_init_stdio_1                    0x08000283   Thumb Code     0  libinit2.o(.ARM.Collect$$libinit$$00000025)
    __rt_lib_init_user_alloc_1               0x08000283   Thumb Code     0  libinit2.o(.ARM.Collect$$libinit$$0000000C)
    __rt_lib_shutdown                        0x08000285   Thumb Code     0  libshutdown.o(.ARM.Collect$$libshutdown$$00000000)
    __rt_lib_shutdown_cpp_1                  0x08000287   Thumb Code     0  libshutdown2.o(.ARM.Collect$$libshutdown$$00000002)
    __rt_lib_shutdown_fp_trap_1              0x08000287   Thumb Code     0  libshutdown2.o(.ARM.Collect$$libshutdown$$00000007)
    __rt_lib_shutdown_heap_1                 0x08000287   Thumb Code     0  libshutdown2.o(.ARM.Collect$$libshutdown$$0000000F)
    __rt_lib_shutdown_return                 0x08000287   Thumb Code     0  libshutdown2.o(.ARM.Collect$$libshutdown$$00000010)
    __rt_lib_shutdown_signal_1               0x08000287   Thumb Code     0  libshutdown2.o(.ARM.Collect$$libshutdown$$0000000A)
    __rt_lib_shutdown_stdio_1                0x08000287   Thumb Code     0  libshutdown2.o(.ARM.Collect$$libshutdown$$00000004)
    __rt_lib_shutdown_user_alloc_1           0x08000287   Thumb Code     0  libshutdown2.o(.ARM.Collect$$libshutdown$$0000000C)
    __rt_entry                               0x08000289   Thumb Code     0  __rtentry.o(.ARM.Collect$$rtentry$$00000000)
    __rt_entry_presh_1                       0x08000289   Thumb Code     0  __rtentry2.o(.ARM.Collect$$rtentry$$00000002)
    __rt_entry_sh                            0x08000289   Thumb Code     0  __rtentry4.o(.ARM.Collect$$rtentry$$00000004)
    __rt_entry_li                            0x0800028f   Thumb Code     0  __rtentry2.o(.ARM.Collect$$rtentry$$0000000A)
    __rt_entry_postsh_1                      0x0800028f   Thumb Code     0  __rtentry2.o(.ARM.Collect$$rtentry$$00000009)
    __rt_entry_main                          0x08000293   Thumb Code     0  __rtentry2.o(.ARM.Collect$$rtentry$$0000000D)
    __rt_entry_postli_1                      0x08000293   Thumb Code     0  __rtentry2.o(.ARM.Collect$$rtentry$$0000000C)
    __rt_exit                                0x0800029b   Thumb Code     0  rtexit.o(.ARM.Collect$$rtexit$$00000000)
    __rt_exit_ls                             0x0800029d   Thumb Code     0  rtexit2.o(.ARM.Collect$$rtexit$$00000003)
    __rt_exit_prels_1                        0x0800029d   Thumb Code     0  rtexit2.o(.ARM.Collect$$rtexit$$00000002)
    __rt_exit_exit                           0x080002a1   Thumb Code     0  rtexit2.o(.ARM.Collect$$rtexit$$00000004)
    Reset_Handler                            0x080002a9   Thumb Code     8  startup_stm32f756xx.o(.text)
    ADC_IRQHandler                           0x080002c3   Thumb Code     0  startup_stm32f756xx.o(.text)
    CAN1_RX0_IRQHandler                      0x080002c3   Thumb Code     0  startup_stm32f756xx.o(.text)
    CAN1_RX1_IRQHandler                      0x080002c3   Thumb Code     0  startup_stm32f756xx.o(.text)
    CAN1_SCE_IRQHandler                      0x080002c3   Thumb Code     0  startup_stm32f756xx.o(.text)
    CAN1_TX_IRQHandler                       0x080002c3   Thumb Code     0  startup_stm32f756xx.o(.text)
    CAN2_RX0_IRQHandler                      0x080002c3   Thumb Code     0  startup_stm32f756xx.o(.text)
    CAN2_RX1_IRQHandler                      0x080002c3   Thumb Code     0  startup_stm32f756xx.o(.text)
    CAN2_SCE_IRQHandler                      0x080002c3   Thumb Code     0  startup_stm32f756xx.o(.text)
    CAN2_TX_IRQHandler                       0x080002c3   Thumb Code     0  startup_stm32f756xx.o(.text)
    CEC_IRQHandler                           0x080002c3   Thumb Code     0  startup_stm32f756xx.o(.text)
    CRYP_IRQHandler                          0x080002c3   Thumb Code     0  startup_stm32f756xx.o(.text)
    DCMI_IRQHandler                          0x080002c3   Thumb Code     0  startup_stm32f756xx.o(.text)
    DMA1_Stream0_IRQHandler                  0x080002c3   Thumb Code     0  startup_stm32f756xx.o(.text)
    DMA1_Stream2_IRQHandler                  0x080002c3   Thumb Code     0  startup_stm32f756xx.o(.text)
    DMA1_Stream4_IRQHandler                  0x080002c3   Thumb Code     0  startup_stm32f756xx.o(.text)
    DMA1_Stream5_IRQHandler                  0x080002c3   Thumb Code     0  startup_stm32f756xx.o(.text)
    DMA1_Stream6_IRQHandler                  0x080002c3   Thumb Code     0  startup_stm32f756xx.o(.text)
    DMA1_Stream7_IRQHandler                  0x080002c3   Thumb Code     0  startup_stm32f756xx.o(.text)
    DMA2D_IRQHandler                         0x080002c3   Thumb Code     0  startup_stm32f756xx.o(.text)
    DMA2_Stream0_IRQHandler                  0x080002c3   Thumb Code     0  startup_stm32f756xx.o(.text)
    DMA2_Stream1_IRQHandler                  0x080002c3   Thumb Code     0  startup_stm32f756xx.o(.text)
    DMA2_Stream3_IRQHandler                  0x080002c3   Thumb Code     0  startup_stm32f756xx.o(.text)
    DMA2_Stream4_IRQHandler                  0x080002c3   Thumb Code     0  startup_stm32f756xx.o(.text)
    DMA2_Stream5_IRQHandler                  0x080002c3   Thumb Code     0  startup_stm32f756xx.o(.text)
    DMA2_Stream6_IRQHandler                  0x080002c3   Thumb Code     0  startup_stm32f756xx.o(.text)
    DMA2_Stream7_IRQHandler                  0x080002c3   Thumb Code     0  startup_stm32f756xx.o(.text)
    ETH_IRQHandler                           0x080002c3   Thumb Code     0  startup_stm32f756xx.o(.text)
    ETH_WKUP_IRQHandler                      0x080002c3   Thumb Code     0  startup_stm32f756xx.o(.text)
    EXTI0_IRQHandler                         0x080002c3   Thumb Code     0  startup_stm32f756xx.o(.text)
    EXTI1_IRQHandler                         0x080002c3   Thumb Code     0  startup_stm32f756xx.o(.text)
    EXTI2_IRQHandler                         0x080002c3   Thumb Code     0  startup_stm32f756xx.o(.text)
    EXTI3_IRQHandler                         0x080002c3   Thumb Code     0  startup_stm32f756xx.o(.text)
    EXTI4_IRQHandler                         0x080002c3   Thumb Code     0  startup_stm32f756xx.o(.text)
    EXTI9_5_IRQHandler                       0x080002c3   Thumb Code     0  startup_stm32f756xx.o(.text)
    FLASH_IRQHandler                         0x080002c3   Thumb Code     0  startup_stm32f756xx.o(.text)
    FMC_IRQHandler                           0x080002c3   Thumb Code     0  startup_stm32f756xx.o(.text)
    FPU_IRQHandler                           0x080002c3   Thumb Code     0  startup_stm32f756xx.o(.text)
    HASH_RNG_IRQHandler                      0x080002c3   Thumb Code     0  startup_stm32f756xx.o(.text)
    I2C1_ER_IRQHandler                       0x080002c3   Thumb Code     0  startup_stm32f756xx.o(.text)
    I2C1_EV_IRQHandler                       0x080002c3   Thumb Code     0  startup_stm32f756xx.o(.text)
    I2C2_ER_IRQHandler                       0x080002c3   Thumb Code     0  startup_stm32f756xx.o(.text)
    I2C2_EV_IRQHandler                       0x080002c3   Thumb Code     0  startup_stm32f756xx.o(.text)
    I2C3_ER_IRQHandler                       0x080002c3   Thumb Code     0  startup_stm32f756xx.o(.text)
    I2C3_EV_IRQHandler                       0x080002c3   Thumb Code     0  startup_stm32f756xx.o(.text)
    I2C4_ER_IRQHandler                       0x080002c3   Thumb Code     0  startup_stm32f756xx.o(.text)
    I2C4_EV_IRQHandler                       0x080002c3   Thumb Code     0  startup_stm32f756xx.o(.text)
    LPTIM1_IRQHandler                        0x080002c3   Thumb Code     0  startup_stm32f756xx.o(.text)
    LTDC_ER_IRQHandler                       0x080002c3   Thumb Code     0  startup_stm32f756xx.o(.text)
    LTDC_IRQHandler                          0x080002c3   Thumb Code     0  startup_stm32f756xx.o(.text)
    OTG_FS_IRQHandler                        0x080002c3   Thumb Code     0  startup_stm32f756xx.o(.text)
    OTG_FS_WKUP_IRQHandler                   0x080002c3   Thumb Code     0  startup_stm32f756xx.o(.text)
    OTG_HS_EP1_IN_IRQHandler                 0x080002c3   Thumb Code     0  startup_stm32f756xx.o(.text)
    OTG_HS_EP1_OUT_IRQHandler                0x080002c3   Thumb Code     0  startup_stm32f756xx.o(.text)
    OTG_HS_IRQHandler                        0x080002c3   Thumb Code     0  startup_stm32f756xx.o(.text)
    OTG_HS_WKUP_IRQHandler                   0x080002c3   Thumb Code     0  startup_stm32f756xx.o(.text)
    PVD_IRQHandler                           0x080002c3   Thumb Code     0  startup_stm32f756xx.o(.text)
    QUADSPI_IRQHandler                       0x080002c3   Thumb Code     0  startup_stm32f756xx.o(.text)
    RCC_IRQHandler                           0x080002c3   Thumb Code     0  startup_stm32f756xx.o(.text)
    RTC_Alarm_IRQHandler                     0x080002c3   Thumb Code     0  startup_stm32f756xx.o(.text)
    RTC_WKUP_IRQHandler                      0x080002c3   Thumb Code     0  startup_stm32f756xx.o(.text)
    SAI1_IRQHandler                          0x080002c3   Thumb Code     0  startup_stm32f756xx.o(.text)
    SAI2_IRQHandler                          0x080002c3   Thumb Code     0  startup_stm32f756xx.o(.text)
    SDMMC1_IRQHandler                        0x080002c3   Thumb Code     0  startup_stm32f756xx.o(.text)
    SPDIF_RX_IRQHandler                      0x080002c3   Thumb Code     0  startup_stm32f756xx.o(.text)
    SPI1_IRQHandler                          0x080002c3   Thumb Code     0  startup_stm32f756xx.o(.text)
    SPI2_IRQHandler                          0x080002c3   Thumb Code     0  startup_stm32f756xx.o(.text)
    SPI3_IRQHandler                          0x080002c3   Thumb Code     0  startup_stm32f756xx.o(.text)
    SPI4_IRQHandler                          0x080002c3   Thumb Code     0  startup_stm32f756xx.o(.text)
    SPI5_IRQHandler                          0x080002c3   Thumb Code     0  startup_stm32f756xx.o(.text)
    SPI6_IRQHandler                          0x080002c3   Thumb Code     0  startup_stm32f756xx.o(.text)
    TAMP_STAMP_IRQHandler                    0x080002c3   Thumb Code     0  startup_stm32f756xx.o(.text)
    TIM1_BRK_TIM9_IRQHandler                 0x080002c3   Thumb Code     0  startup_stm32f756xx.o(.text)
    TIM1_CC_IRQHandler                       0x080002c3   Thumb Code     0  startup_stm32f756xx.o(.text)
    TIM1_TRG_COM_TIM11_IRQHandler            0x080002c3   Thumb Code     0  startup_stm32f756xx.o(.text)
    TIM1_UP_TIM10_IRQHandler                 0x080002c3   Thumb Code     0  startup_stm32f756xx.o(.text)
    TIM2_IRQHandler                          0x080002c3   Thumb Code     0  startup_stm32f756xx.o(.text)
    TIM3_IRQHandler                          0x080002c3   Thumb Code     0  startup_stm32f756xx.o(.text)
    TIM4_IRQHandler                          0x080002c3   Thumb Code     0  startup_stm32f756xx.o(.text)
    TIM5_IRQHandler                          0x080002c3   Thumb Code     0  startup_stm32f756xx.o(.text)
    TIM6_DAC_IRQHandler                      0x080002c3   Thumb Code     0  startup_stm32f756xx.o(.text)
    TIM7_IRQHandler                          0x080002c3   Thumb Code     0  startup_stm32f756xx.o(.text)
    TIM8_BRK_TIM12_IRQHandler                0x080002c3   Thumb Code     0  startup_stm32f756xx.o(.text)
    TIM8_CC_IRQHandler                       0x080002c3   Thumb Code     0  startup_stm32f756xx.o(.text)
    TIM8_TRG_COM_TIM14_IRQHandler            0x080002c3   Thumb Code     0  startup_stm32f756xx.o(.text)
    TIM8_UP_TIM13_IRQHandler                 0x080002c3   Thumb Code     0  startup_stm32f756xx.o(.text)
    UART5_IRQHandler                         0x080002c3   Thumb Code     0  startup_stm32f756xx.o(.text)
    UART8_IRQHandler                         0x080002c3   Thumb Code     0  startup_stm32f756xx.o(.text)
    USART3_IRQHandler                        0x080002c3   Thumb Code     0  startup_stm32f756xx.o(.text)
    USART6_IRQHandler                        0x080002c3   Thumb Code     0  startup_stm32f756xx.o(.text)
    WWDG_IRQHandler                          0x080002c3   Thumb Code     0  startup_stm32f756xx.o(.text)
    __user_initial_stackheap                 0x080002c5   Thumb Code     0  startup_stm32f756xx.o(.text)
    __aeabi_memcpy4                          0x080002e9   Thumb Code     0  rt_memcpy_w.o(.text)
    __aeabi_memcpy8                          0x080002e9   Thumb Code     0  rt_memcpy_w.o(.text)
    __rt_memcpy_w                            0x080002e9   Thumb Code   100  rt_memcpy_w.o(.text)
    _memcpy_lastbytes_aligned                0x08000331   Thumb Code     0  rt_memcpy_w.o(.text)
    __use_two_region_memory                  0x0800034d   Thumb Code     2  heapauxi.o(.text)
    __rt_heap_escrow$2region                 0x0800034f   Thumb Code     2  heapauxi.o(.text)
    __rt_heap_expand$2region                 0x08000351   Thumb Code     2  heapauxi.o(.text)
    __user_setup_stackheap                   0x08000353   Thumb Code    74  sys_stackheap_outer.o(.text)
    exit                                     0x0800039d   Thumb Code    18  exit.o(.text)
    __user_libspace                          0x080003b1   Thumb Code     8  libspace.o(.text)
    __user_perproc_libspace                  0x080003b1   Thumb Code     0  libspace.o(.text)
    __user_perthread_libspace                0x080003b1   Thumb Code     0  libspace.o(.text)
    _sys_exit                                0x080003b9   Thumb Code     8  sys_exit.o(.text)
    __I$use$semihosting                      0x080003c5   Thumb Code     0  use_no_semi.o(.text)
    __use_no_semihosting_swi                 0x080003c5   Thumb Code     2  use_no_semi.o(.text)
    __semihosting_library_function           0x080003c7   Thumb Code     0  indicate_semi.o(.text)
    BLE_ReCheck                              0x080003c9   Thumb Code    62  ble.o(i.BLE_ReCheck)
    BusFault_Handler                         0x08000411   Thumb Code     4  stm32f7xx_it.o(i.BusFault_Handler)
    BytesToFloat                             0x08000415   Thumb Code     6  px4.o(i.BytesToFloat)
    CPU_CACHE_Enable                         0x0800041d   Thumb Code    96  system.o(i.CPU_CACHE_Enable)
    DMA1_Stream1_IRQHandler                  0x08000485   Thumb Code     2  stm32f7xx_it.o(i.DMA1_Stream1_IRQHandler)
    DMA1_Stream3_IRQHandler                  0x08000489   Thumb Code    12  stm32f7xx_it.o(i.DMA1_Stream3_IRQHandler)
    DMA2_Stream2_IRQHandler                  0x08000499   Thumb Code     2  stm32f7xx_it.o(i.DMA2_Stream2_IRQHandler)
    DebugMon_Handler                         0x0800049b   Thumb Code     2  stm32f7xx_it.o(i.DebugMon_Handler)
    EXTI15_10_IRQHandler                     0x0800049d   Thumb Code     2  stm32f7xx_it.o(i.EXTI15_10_IRQHandler)
    Flow_Mavlink                             0x080004a1   Thumb Code   440  px4.o(i.Flow_Mavlink)
    GPS_GPGGA                                0x0800066d   Thumb Code   366  gps.o(i.GPS_GPGGA)
    GPS_GPGLL                                0x080007f5   Thumb Code   224  gps.o(i.GPS_GPGLL)
    GPS_GPGSA                                0x080008ed   Thumb Code    28  gps.o(i.GPS_GPGSA)
    GPS_GPGSV                                0x08000915   Thumb Code    28  gps.o(i.GPS_GPGSV)
    GPS_GPRMC                                0x0800093d   Thumb Code   378  gps.o(i.GPS_GPRMC)
    GPS_GPVTG                                0x08000ad1   Thumb Code   172  gps.o(i.GPS_GPVTG)
    GPS_Resolver                             0x08000b95   Thumb Code   916  gps.o(i.GPS_Resolver)
    HAL_DMA_IRQHandler                       0x08000fa5   Thumb Code  9776  stm32f7xx_hal_dma.o(i.HAL_DMA_IRQHandler)
    HAL_Delay                                0x080035dd   Thumb Code    26  stm32f7xx_hal.o(i.HAL_Delay)
    HAL_GPIO_Init                            0x080035f9   Thumb Code   484  stm32f7xx_hal_gpio.o(i.HAL_GPIO_Init)
    HAL_GPIO_WritePin                        0x08003811   Thumb Code    12  stm32f7xx_hal_gpio.o(i.HAL_GPIO_WritePin)
    HAL_GetTick                              0x0800381d   Thumb Code     6  stm32f7xx_hal.o(i.HAL_GetTick)
    HAL_IncTick                              0x08003829   Thumb Code    12  stm32f7xx_hal.o(i.HAL_IncTick)
    HAL_Init                                 0x08003839   Thumb Code    34  stm32f7xx_hal.o(i.HAL_Init)
    HAL_InitTick                             0x08003861   Thumb Code    36  stm32f7xx_hal.o(i.HAL_InitTick)
    HAL_MPU_ConfigRegion                     0x08003885   Thumb Code    88  stm32f7xx_hal_cortex.o(i.HAL_MPU_ConfigRegion)
    HAL_MspInit                              0x080038e1   Thumb Code     2  stm32f7xx_hal_msp_template.o(i.HAL_MspInit)
    HAL_NVIC_SetPriority                     0x080038e3   Thumb Code   124  stm32f7xx_hal_cortex.o(i.HAL_NVIC_SetPriority)
    HAL_NVIC_SetPriorityGrouping             0x08003961   Thumb Code    32  stm32f7xx_hal_cortex.o(i.HAL_NVIC_SetPriorityGrouping)
    HAL_PWREx_EnableOverDrive                0x08003989   Thumb Code   136  stm32f7xx_hal_pwr_ex.o(i.HAL_PWREx_EnableOverDrive)
    HAL_RCC_ClockConfig                      0x08003a19   Thumb Code   608  stm32f7xx_hal_rcc.o(i.HAL_RCC_ClockConfig)
    HAL_RCC_GetHCLKFreq                      0x08003c81   Thumb Code    42  stm32f7xx_hal_rcc.o(i.HAL_RCC_GetHCLKFreq)
    HAL_RCC_GetSysClockFreq                  0x08003cb9   Thumb Code   168  stm32f7xx_hal_rcc.o(i.HAL_RCC_GetSysClockFreq)
    HAL_RCC_OscConfig                        0x08003d6d   Thumb Code  1360  stm32f7xx_hal_rcc.o(i.HAL_RCC_OscConfig)
    HAL_SYSTICK_Config                       0x080042c1   Thumb Code    52  stm32f7xx_hal_cortex.o(i.HAL_SYSTICK_Config)
    HAL_TIM_PWM_ConfigChannel                0x080042f5   Thumb Code   372  stm32f7xx_hal_tim_ex.o(i.HAL_TIM_PWM_ConfigChannel)
    HAL_TIM_PWM_Init                         0x08004469   Thumb Code    52  stm32f7xx_hal_tim.o(i.HAL_TIM_PWM_Init)
    HAL_TIM_PWM_MspInit                      0x0800449d   Thumb Code     2  stm32f7xx_hal_tim.o(i.HAL_TIM_PWM_MspInit)
    HAL_TIM_PWM_Start                        0x080044a1   Thumb Code    68  stm32f7xx_hal_tim.o(i.HAL_TIM_PWM_Start)
    HAL_UART_ErrorCallback                   0x080044ed   Thumb Code     2  stm32f7xx_hal_uart.o(i.HAL_UART_ErrorCallback)
    HAL_UART_IRQHandler                      0x080044ef   Thumb Code   274  stm32f7xx_hal_uart.o(i.HAL_UART_IRQHandler)
    HAL_UART_RxCpltCallback                  0x08004601   Thumb Code     2  stm32f7xx_hal_uart.o(i.HAL_UART_RxCpltCallback)
    HAL_UART_TxCpltCallback                  0x08004603   Thumb Code     2  stm32f7xx_hal_uart.o(i.HAL_UART_TxCpltCallback)
    HardFault_Handler                        0x08004605   Thumb Code     4  stm32f7xx_it.o(i.HardFault_Handler)
    Init_LED                                 0x08004609   Thumb Code    70  system.o(i.Init_LED)
    Init_PWM                                 0x08004659   Thumb Code   258  pwm.o(i.Init_PWM)
    MPU_Config                               0x08004771   Thumb Code   124  system.o(i.MPU_Config)
    MemManage_Handler                        0x080047f5   Thumb Code     4  stm32f7xx_it.o(i.MemManage_Handler)
    NMI_Handler                              0x080047f9   Thumb Code     2  stm32f7xx_it.o(i.NMI_Handler)
    PWM_CHG                                  0x08004835   Thumb Code   174  pwm.o(i.PWM_CHG)
    PWM_Error_Handler                        0x080048f5   Thumb Code     2  pwm.o(i.PWM_Error_Handler)
    PendSV_Handler                           0x080048f7   Thumb Code     2  stm32f7xx_it.o(i.PendSV_Handler)
    SVC_Handler                              0x0800499d   Thumb Code     2  stm32f7xx_it.o(i.SVC_Handler)
    SysTick_Handler                          0x080049a1   Thumb Code    18  stm32f7xx_it.o(i.SysTick_Handler)
    SystemClock_Config                       0x080049b9   Thumb Code   110  system.o(i.SystemClock_Config)
    SystemInit                               0x08004a29   Thumb Code    82  system_stm32f7xx.o(i.SystemInit)
    TIM_Base_SetConfig                       0x08004a8d   Thumb Code   184  stm32f7xx_hal_tim.o(i.TIM_Base_SetConfig)
    TIM_CCxChannelCmd                        0x08004b71   Thumb Code    28  stm32f7xx_hal_tim.o(i.TIM_CCxChannelCmd)
    TIM_OC1_SetConfig                        0x08004b8d   Thumb Code   102  stm32f7xx_hal_tim.o(i.TIM_OC1_SetConfig)
    TIM_OC2_SetConfig                        0x08004c01   Thumb Code   112  stm32f7xx_hal_tim.o(i.TIM_OC2_SetConfig)
    TIM_OC3_SetConfig                        0x08004c7d   Thumb Code   110  stm32f7xx_hal_tim.o(i.TIM_OC3_SetConfig)
    TIM_OC4_SetConfig                        0x08004cf9   Thumb Code    88  stm32f7xx_hal_tim.o(i.TIM_OC4_SetConfig)
    ToChar                                   0x08004e0d   Thumb Code    14  gps.o(i.ToChar)
    ToFloat                                  0x08004e1d   Thumb Code   154  gps.o(i.ToFloat)
    ToInt                                    0x08004ec1   Thumb Code    80  gps.o(i.ToInt)
    UART4_IRQHandler                         0x08004f11   Thumb Code    26  stm32f7xx_it.o(i.UART4_IRQHandler)
    UART7_IRQHandler                         0x08004f31   Thumb Code    26  stm32f7xx_it.o(i.UART7_IRQHandler)
    UART_WaitOnFlagUntilTimeout              0x080050d1   Thumb Code   246  stm32f7xx_hal_uart.o(i.UART_WaitOnFlagUntilTimeout)
    USART1_IRQHandler                        0x080051c9   Thumb Code    26  stm32f7xx_it.o(i.USART1_IRQHandler)
    USART2_IRQHandler                        0x080051e9   Thumb Code    42  stm32f7xx_it.o(i.USART2_IRQHandler)
    UsageFault_Handler                       0x08005221   Thumb Code     4  stm32f7xx_it.o(i.UsageFault_Handler)
    WifiSendCom_Check                        0x08005225   Thumb Code    88  wifi.o(i.WifiSendCom_Check)
    main                                     0x08005289   Thumb Code   218  main.o(i.main)
    __aeabi_dadd                             0x080053ad   Thumb Code     0  daddsub_clz.o(x$fpl$dadd)
    _dadd                                    0x080053ad   Thumb Code   332  daddsub_clz.o(x$fpl$dadd)
    __fpl_dcmp_Inf                           0x080054fd   Thumb Code    24  dcmpi.o(x$fpl$dcmpinf)
    __aeabi_d2uiz                            0x08005515   Thumb Code     0  dfixu.o(x$fpl$dfixu)
    _dfixu                                   0x08005515   Thumb Code    90  dfixu.o(x$fpl$dfixu)
    __aeabi_cdcmple                          0x08005571   Thumb Code     0  dleqf.o(x$fpl$dleqf)
    _dcmple                                  0x08005571   Thumb Code   120  dleqf.o(x$fpl$dleqf)
    __fpl_dcmple_InfNaN                      0x080055d3   Thumb Code     0  dleqf.o(x$fpl$dleqf)
    __aeabi_dmul                             0x080055e9   Thumb Code     0  dmul.o(x$fpl$dmul)
    _dmul                                    0x080055e9   Thumb Code   332  dmul.o(x$fpl$dmul)
    __fpl_dnaninf                            0x0800573d   Thumb Code   156  dnaninf.o(x$fpl$dnaninf)
    __fpl_dretinf                            0x080057d9   Thumb Code    12  dretinf.o(x$fpl$dretinf)
    __aeabi_cdrcmple                         0x080057e5   Thumb Code     0  drleqf.o(x$fpl$drleqf)
    _drcmple                                 0x080057e5   Thumb Code   108  drleqf.o(x$fpl$drleqf)
    __aeabi_dsub                             0x08005851   Thumb Code     0  daddsub_clz.o(x$fpl$dsub)
    _dsub                                    0x08005851   Thumb Code   464  daddsub_clz.o(x$fpl$dsub)
    _fp_init                                 0x08005a25   Thumb Code    10  fpinit.o(x$fpl$fpinit)
    __fplib_config_fpu_vfp                   0x08005a2d   Thumb Code     0  fpinit.o(x$fpl$fpinit)
    __fplib_config_pureend_doubles           0x08005a2d   Thumb Code     0  fpinit.o(x$fpl$fpinit)
    APBAHBPrescTable                         0x08005a2e   Data          16  stm32f7xx_hal_rcc.o(.constdata)
    __I$use$fp                               0x08005a2e   Number         0  usenofp.o(x$fpl$usenofp)
    Region$$Table$$Base                      0x08005a40   Number         0  anon$$obj.o(Region$$Table)
    Region$$Table$$Limit                     0x08005a60   Number         0  anon$$obj.o(Region$$Table)
    mscnt                                    0x20010000   Data           4  system.o(.data)
    read_num                                 0x20010004   Data           1  stm32f7xx_it.o(.data)
    GPRMC                                    0x20010008   Data         200  gps.o(.data)
    GPVTG                                    0x200100d0   Data         200  gps.o(.data)
    GPGGA                                    0x20010198   Data         200  gps.o(.data)
    GPGSA                                    0x20010260   Data         200  gps.o(.data)
    GPGSV                                    0x20010328   Data         200  gps.o(.data)
    GPGLL                                    0x200103f0   Data         200  gps.o(.data)
    GPRMC_P_Num                              0x200104b8   Data           1  gps.o(.data)
    GPVTG_P_Num                              0x200104b9   Data           1  gps.o(.data)
    GPGGA_P_Num                              0x200104ba   Data           1  gps.o(.data)
    GPGSA_P_Num                              0x200104bb   Data           1  gps.o(.data)
    GPGSV_P_Num                              0x200104bc   Data           1  gps.o(.data)
    GPGLL_P_Num                              0x200104bd   Data           1  gps.o(.data)
    GPRMC_Num                                0x200104be   Data           1  gps.o(.data)
    GPVTG_Num                                0x200104bf   Data           1  gps.o(.data)
    GPGGA_Num                                0x200104c0   Data           1  gps.o(.data)
    GPGSA_Num                                0x200104c1   Data           1  gps.o(.data)
    GPGSV_Num                                0x200104c2   Data           1  gps.o(.data)
    GPGLL_Num                                0x200104c3   Data           1  gps.o(.data)
    GPRMC_Flag                               0x200104c4   Data           4  gps.o(.data)
    GPVTG_Flag                               0x200104c8   Data           4  gps.o(.data)
    GPGGA_Flag                               0x200104cc   Data           4  gps.o(.data)
    GPGSA_Flag                               0x200104d0   Data           4  gps.o(.data)
    GPGSV_Flag                               0x200104d4   Data           4  gps.o(.data)
    GPGLL_Flag                               0x200104d8   Data           4  gps.o(.data)
    GPS_ReadAddress                          0x200104dc   Data           2  gps.o(.data)
    GPS_WriteAddress                         0x200104de   Data           2  gps.o(.data)
    GPS_RestData                             0x200104e0   Data           2  gps.o(.data)
    GPS_Buf                                  0x200104e2   Data           8  gps.o(.data)
    Latitude2                                0x200104ec   Data           4  gps.o(.data)
    ReadAddress                              0x200104f4   Data           2  px4.o(.data)
    WriteAddress                             0x200104f6   Data           2  px4.o(.data)
    RestData                                 0x200104f8   Data           2  px4.o(.data)
    PX4_Buf                                  0x200104fa   Data           8  px4.o(.data)
    sss                                      0x20010504   Data           4  px4.o(.data)
    ddd                                      0x20010508   Data           4  px4.o(.data)
    FLOW_STATE                               0x2001050c   Data           4  px4.o(.data)
    aTxBuffer                                0x20010514   Data           3  wifi.o(.data)
    aRxBuffer                                0x20010517   Data           2  wifi.o(.data)
    readpin                                  0x2001051c   Data           4  wifi.o(.data)
    A_State_Flag                             0x20010520   Data           1  wifi.o(.data)
    OK_State_Flag                            0x20010521   Data           1  wifi.o(.data)
    aaTxBuffer                               0x20010523   Data         256  ble.o(.data)
    BLE_CheckState                           0x20010623   Data           1  ble.o(.data)
    SystemCoreClock                          0x2001062c   Data           4  system_stm32f7xx.o(.data)
    read                                     0x20010630   Data         100  stm32f7xx_it.o(.bss)
    GPRMC_P                                  0x20010694   Data          50  gps.o(.bss)
    GPVTG_P                                  0x200106c6   Data          50  gps.o(.bss)
    GPGGA_P                                  0x200106f8   Data          50  gps.o(.bss)
    GPGSA_P                                  0x2001072a   Data          50  gps.o(.bss)
    GPGSV_P                                  0x2001075c   Data          50  gps.o(.bss)
    GPGLL_P                                  0x2001078e   Data          50  gps.o(.bss)
    GPS_ReceivedBuf                          0x200107c0   Data        1000  gps.o(.bss)
    GPRMC_Per                                0x20010ba8   Data          44  gps.o(.bss)
    GPVTG_Per                                0x20010bd4   Data          20  gps.o(.bss)
    GPGGA_Per                                0x20010be8   Data          44  gps.o(.bss)
    GPGSA_Per                                0x20010c14   Data          20  gps.o(.bss)
    GPGSV_Per                                0x20010c28   Data          28  gps.o(.bss)
    GPGLL_Per                                0x20010c44   Data          24  gps.o(.bss)
    GPS_UartHandle                           0x20010c5c   Data         112  gps.o(.bss)
    GPSDMA_Receive                           0x20010ccc   Data          80  gps.o(.bss)
    ReceivedBuf                              0x20010d1c   Data         100  px4.o(.bss)
    MyFlow                                   0x20010d80   Data          28  px4.o(.bss)
    PX4_UartHandle                           0x20010d9c   Data         112  px4.o(.bss)
    PX4DMA_Receive                           0x20010e0c   Data          80  px4.o(.bss)
    flow_buf                                 0x20010e5c   Data          30  px4.o(.bss)
    WifiUartHandle                           0x20010e7c   Data         112  wifi.o(.bss)
    aaRxBuffer                               0x20010eec   Data         256  ble.o(.bss)
    BleUartHandle                            0x20010fec   Data         112  ble.o(.bss)
    __libspace_start                         0x200110b4   Data          96  libspace.o(.bss)
    __temporary_stack_top$libspace           0x20011114   Data           0  libspace.o(.bss)



==============================================================================

Memory Map of the image

  Image Entry point : 0x080001c9

  Load Region LR_IROM1 (Base: 0x08000000, Size: 0x00006090, Max: 0x00100000, ABSOLUTE, COMPRESSED[0x00005ab4])

    Execution Region ER_IROM1 (Base: 0x08000000, Size: 0x00005a60, Max: 0x00100000, ABSOLUTE)

    Base Addr    Size         Type   Attr      Idx    E Section Name        Object

    0x08000000   0x000001c8   Data   RO         8005    RESET               startup_stm32f756xx.o
    0x080001c8   0x00000008   Code   RO         8057  * !!!main             c_w.l(__main.o)
    0x080001d0   0x00000034   Code   RO         8249    !!!scatter          c_w.l(__scatter.o)
    0x08000204   0x0000005a   Code   RO         8247    !!dczerorl2         c_w.l(__dczerorl2.o)
    0x0800025e   0x00000002   PAD
    0x08000260   0x0000001c   Code   RO         8251    !!handler_zi        c_w.l(__scatter_zi.o)
    0x0800027c   0x00000002   Code   RO         8117    .ARM.Collect$$libinit$$00000000  c_w.l(libinit.o)
    0x0800027e   0x00000004   Code   RO         8129    .ARM.Collect$$libinit$$00000001  c_w.l(libinit2.o)
    0x08000282   0x00000000   Code   RO         8132    .ARM.Collect$$libinit$$00000004  c_w.l(libinit2.o)
    0x08000282   0x00000000   Code   RO         8135    .ARM.Collect$$libinit$$0000000A  c_w.l(libinit2.o)
    0x08000282   0x00000000   Code   RO         8137    .ARM.Collect$$libinit$$0000000C  c_w.l(libinit2.o)
    0x08000282   0x00000000   Code   RO         8139    .ARM.Collect$$libinit$$0000000E  c_w.l(libinit2.o)
    0x08000282   0x00000000   Code   RO         8142    .ARM.Collect$$libinit$$00000011  c_w.l(libinit2.o)
    0x08000282   0x00000000   Code   RO         8144    .ARM.Collect$$libinit$$00000013  c_w.l(libinit2.o)
    0x08000282   0x00000000   Code   RO         8146    .ARM.Collect$$libinit$$00000015  c_w.l(libinit2.o)
    0x08000282   0x00000000   Code   RO         8148    .ARM.Collect$$libinit$$00000017  c_w.l(libinit2.o)
    0x08000282   0x00000000   Code   RO         8150    .ARM.Collect$$libinit$$00000019  c_w.l(libinit2.o)
    0x08000282   0x00000000   Code   RO         8152    .ARM.Collect$$libinit$$0000001B  c_w.l(libinit2.o)
    0x08000282   0x00000000   Code   RO         8154    .ARM.Collect$$libinit$$0000001D  c_w.l(libinit2.o)
    0x08000282   0x00000000   Code   RO         8156    .ARM.Collect$$libinit$$0000001F  c_w.l(libinit2.o)
    0x08000282   0x00000000   Code   RO         8158    .ARM.Collect$$libinit$$00000021  c_w.l(libinit2.o)
    0x08000282   0x00000000   Code   RO         8160    .ARM.Collect$$libinit$$00000023  c_w.l(libinit2.o)
    0x08000282   0x00000000   Code   RO         8162    .ARM.Collect$$libinit$$00000025  c_w.l(libinit2.o)
    0x08000282   0x00000000   Code   RO         8166    .ARM.Collect$$libinit$$0000002C  c_w.l(libinit2.o)
    0x08000282   0x00000000   Code   RO         8168    .ARM.Collect$$libinit$$0000002E  c_w.l(libinit2.o)
    0x08000282   0x00000000   Code   RO         8170    .ARM.Collect$$libinit$$00000030  c_w.l(libinit2.o)
    0x08000282   0x00000000   Code   RO         8172    .ARM.Collect$$libinit$$00000032  c_w.l(libinit2.o)
    0x08000282   0x00000002   Code   RO         8173    .ARM.Collect$$libinit$$00000033  c_w.l(libinit2.o)
    0x08000284   0x00000002   Code   RO         8204    .ARM.Collect$$libshutdown$$00000000  c_w.l(libshutdown.o)
    0x08000286   0x00000000   Code   RO         8230    .ARM.Collect$$libshutdown$$00000002  c_w.l(libshutdown2.o)
    0x08000286   0x00000000   Code   RO         8232    .ARM.Collect$$libshutdown$$00000004  c_w.l(libshutdown2.o)
    0x08000286   0x00000000   Code   RO         8235    .ARM.Collect$$libshutdown$$00000007  c_w.l(libshutdown2.o)
    0x08000286   0x00000000   Code   RO         8238    .ARM.Collect$$libshutdown$$0000000A  c_w.l(libshutdown2.o)
    0x08000286   0x00000000   Code   RO         8240    .ARM.Collect$$libshutdown$$0000000C  c_w.l(libshutdown2.o)
    0x08000286   0x00000000   Code   RO         8243    .ARM.Collect$$libshutdown$$0000000F  c_w.l(libshutdown2.o)
    0x08000286   0x00000002   Code   RO         8244    .ARM.Collect$$libshutdown$$00000010  c_w.l(libshutdown2.o)
    0x08000288   0x00000000   Code   RO         8073    .ARM.Collect$$rtentry$$00000000  c_w.l(__rtentry.o)
    0x08000288   0x00000000   Code   RO         8086    .ARM.Collect$$rtentry$$00000002  c_w.l(__rtentry2.o)
    0x08000288   0x00000006   Code   RO         8098    .ARM.Collect$$rtentry$$00000004  c_w.l(__rtentry4.o)
    0x0800028e   0x00000000   Code   RO         8088    .ARM.Collect$$rtentry$$00000009  c_w.l(__rtentry2.o)
    0x0800028e   0x00000004   Code   RO         8089    .ARM.Collect$$rtentry$$0000000A  c_w.l(__rtentry2.o)
    0x08000292   0x00000000   Code   RO         8091    .ARM.Collect$$rtentry$$0000000C  c_w.l(__rtentry2.o)
    0x08000292   0x00000008   Code   RO         8092    .ARM.Collect$$rtentry$$0000000D  c_w.l(__rtentry2.o)
    0x0800029a   0x00000002   Code   RO         8121    .ARM.Collect$$rtexit$$00000000  c_w.l(rtexit.o)
    0x0800029c   0x00000000   Code   RO         8177    .ARM.Collect$$rtexit$$00000002  c_w.l(rtexit2.o)
    0x0800029c   0x00000004   Code   RO         8178    .ARM.Collect$$rtexit$$00000003  c_w.l(rtexit2.o)
    0x080002a0   0x00000006   Code   RO         8179    .ARM.Collect$$rtexit$$00000004  c_w.l(rtexit2.o)
    0x080002a6   0x00000002   PAD
    0x080002a8   0x00000040   Code   RO         8006    .text               startup_stm32f756xx.o
    0x080002e8   0x00000064   Code   RO         8051    .text               c_w.l(rt_memcpy_w.o)
    0x0800034c   0x00000006   Code   RO         8055    .text               c_w.l(heapauxi.o)
    0x08000352   0x0000004a   Code   RO         8104    .text               c_w.l(sys_stackheap_outer.o)
    0x0800039c   0x00000012   Code   RO         8106    .text               c_w.l(exit.o)
    0x080003ae   0x00000002   PAD
    0x080003b0   0x00000008   Code   RO         8118    .text               c_w.l(libspace.o)
    0x080003b8   0x0000000c   Code   RO         8174    .text               c_w.l(sys_exit.o)
    0x080003c4   0x00000002   Code   RO         8193    .text               c_w.l(use_no_semi.o)
    0x080003c6   0x00000000   Code   RO         8195    .text               c_w.l(indicate_semi.o)
    0x080003c6   0x00000002   PAD
    0x080003c8   0x00000048   Code   RO          735    i.BLE_ReCheck       ble.o
    0x08000410   0x00000004   Code   RO          306    i.BusFault_Handler  stm32f7xx_it.o
    0x08000414   0x00000006   Code   RO          577    i.BytesToFloat      px4.o
    0x0800041a   0x00000002   PAD
    0x0800041c   0x00000068   Code   RO          249    i.CPU_CACHE_Enable  system.o
    0x08000484   0x00000002   Code   RO          307    i.DMA1_Stream1_IRQHandler  stm32f7xx_it.o
    0x08000486   0x00000002   PAD
    0x08000488   0x00000010   Code   RO          308    i.DMA1_Stream3_IRQHandler  stm32f7xx_it.o
    0x08000498   0x00000002   Code   RO          309    i.DMA2_Stream2_IRQHandler  stm32f7xx_it.o
    0x0800049a   0x00000002   Code   RO          310    i.DebugMon_Handler  stm32f7xx_it.o
    0x0800049c   0x00000002   Code   RO          311    i.EXTI15_10_IRQHandler  stm32f7xx_it.o
    0x0800049e   0x00000002   PAD
    0x080004a0   0x000001cc   Code   RO          578    i.Flow_Mavlink      px4.o
    0x0800066c   0x00000188   Code   RO          469    i.GPS_GPGGA         gps.o
    0x080007f4   0x000000f8   Code   RO          470    i.GPS_GPGLL         gps.o
    0x080008ec   0x00000028   Code   RO          471    i.GPS_GPGSA         gps.o
    0x08000914   0x00000028   Code   RO          472    i.GPS_GPGSV         gps.o
    0x0800093c   0x00000194   Code   RO          473    i.GPS_GPRMC         gps.o
    0x08000ad0   0x000000c4   Code   RO          474    i.GPS_GPVTG         gps.o
    0x08000b94   0x00000410   Code   RO          476    i.GPS_Resolver      gps.o
    0x08000fa4   0x00002638   Code   RO         2085    i.HAL_DMA_IRQHandler  stm32f7xx_hal_dma.o
    0x080035dc   0x0000001a   Code   RO         1473    i.HAL_Delay         stm32f7xx_hal.o
    0x080035f6   0x00000002   PAD
    0x080035f8   0x00000218   Code   RO         2764    i.HAL_GPIO_Init     stm32f7xx_hal_gpio.o
    0x08003810   0x0000000c   Code   RO         2768    i.HAL_GPIO_WritePin  stm32f7xx_hal_gpio.o
    0x0800381c   0x0000000c   Code   RO         1481    i.HAL_GetTick       stm32f7xx_hal.o
    0x08003828   0x00000010   Code   RO         1482    i.HAL_IncTick       stm32f7xx_hal.o
    0x08003838   0x00000028   Code   RO         1483    i.HAL_Init          stm32f7xx_hal.o
    0x08003860   0x00000024   Code   RO         1484    i.HAL_InitTick      stm32f7xx_hal.o
    0x08003884   0x0000005c   Code   RO         1696    i.HAL_MPU_ConfigRegion  stm32f7xx_hal_cortex.o
    0x080038e0   0x00000002   Code   RO         3785    i.HAL_MspInit       stm32f7xx_hal_msp_template.o
    0x080038e2   0x0000007c   Code   RO         1705    i.HAL_NVIC_SetPriority  stm32f7xx_hal_cortex.o
    0x0800395e   0x00000002   PAD
    0x08003960   0x00000028   Code   RO         1706    i.HAL_NVIC_SetPriorityGrouping  stm32f7xx_hal_cortex.o
    0x08003988   0x00000090   Code   RO         4028    i.HAL_PWREx_EnableOverDrive  stm32f7xx_hal_pwr_ex.o
    0x08003a18   0x00000268   Code   RO         4342    i.HAL_RCC_ClockConfig  stm32f7xx_hal_rcc.o
    0x08003c80   0x00000038   Code   RO         4347    i.HAL_RCC_GetHCLKFreq  stm32f7xx_hal_rcc.o
    0x08003cb8   0x000000b4   Code   RO         4351    i.HAL_RCC_GetSysClockFreq  stm32f7xx_hal_rcc.o
    0x08003d6c   0x00000554   Code   RO         4354    i.HAL_RCC_OscConfig  stm32f7xx_hal_rcc.o
    0x080042c0   0x00000034   Code   RO         1710    i.HAL_SYSTICK_Config  stm32f7xx_hal_cortex.o
    0x080042f4   0x00000174   Code   RO         6729    i.HAL_TIM_PWM_ConfigChannel  stm32f7xx_hal_tim_ex.o
    0x08004468   0x00000034   Code   RO         6117    i.HAL_TIM_PWM_Init  stm32f7xx_hal_tim.o
    0x0800449c   0x00000002   Code   RO         6119    i.HAL_TIM_PWM_MspInit  stm32f7xx_hal_tim.o
    0x0800449e   0x00000002   PAD
    0x080044a0   0x0000004c   Code   RO         6121    i.HAL_TIM_PWM_Start  stm32f7xx_hal_tim.o
    0x080044ec   0x00000002   Code   RO         6977    i.HAL_UART_ErrorCallback  stm32f7xx_hal_uart.o
    0x080044ee   0x00000112   Code   RO         6980    i.HAL_UART_IRQHandler  stm32f7xx_hal_uart.o
    0x08004600   0x00000002   Code   RO         6987    i.HAL_UART_RxCpltCallback  stm32f7xx_hal_uart.o
    0x08004602   0x00000002   Code   RO         6992    i.HAL_UART_TxCpltCallback  stm32f7xx_hal_uart.o
    0x08004604   0x00000004   Code   RO          312    i.HardFault_Handler  stm32f7xx_it.o
    0x08004608   0x00000050   Code   RO          250    i.Init_LED          system.o
    0x08004658   0x00000118   Code   RO         1425    i.Init_PWM          pwm.o
    0x08004770   0x00000084   Code   RO          251    i.MPU_Config        system.o
    0x080047f4   0x00000004   Code   RO          313    i.MemManage_Handler  stm32f7xx_it.o
    0x080047f8   0x00000002   Code   RO          314    i.NMI_Handler       stm32f7xx_it.o
    0x080047fa   0x00000002   PAD
    0x080047fc   0x00000010   Code   RO         1712    i.NVIC_GetPriorityGrouping  stm32f7xx_hal_cortex.o
    0x0800480c   0x00000028   Code   RO         1713    i.NVIC_SetPriority  stm32f7xx_hal_cortex.o
    0x08004834   0x000000c0   Code   RO         1426    i.PWM_CHG           pwm.o
    0x080048f4   0x00000002   Code   RO         1427    i.PWM_Error_Handler  pwm.o
    0x080048f6   0x00000002   Code   RO          315    i.PendSV_Handler    stm32f7xx_it.o
    0x080048f8   0x000000a4   Code   RO          252    i.SCB_EnableDCache  system.o
    0x0800499c   0x00000002   Code   RO          316    i.SVC_Handler       stm32f7xx_it.o
    0x0800499e   0x00000002   PAD
    0x080049a0   0x00000018   Code   RO          317    i.SysTick_Handler   stm32f7xx_it.o
    0x080049b8   0x0000006e   Code   RO          253    i.SystemClock_Config  system.o
    0x08004a26   0x00000002   PAD
    0x08004a28   0x00000064   Code   RO         8014    i.SystemInit        system_stm32f7xx.o
    0x08004a8c   0x000000e4   Code   RO         6132    i.TIM_Base_SetConfig  stm32f7xx_hal_tim.o
    0x08004b70   0x0000001c   Code   RO         6133    i.TIM_CCxChannelCmd  stm32f7xx_hal_tim.o
    0x08004b8c   0x00000074   Code   RO         6141    i.TIM_OC1_SetConfig  stm32f7xx_hal_tim.o
    0x08004c00   0x0000007c   Code   RO         6142    i.TIM_OC2_SetConfig  stm32f7xx_hal_tim.o
    0x08004c7c   0x0000007c   Code   RO         6143    i.TIM_OC3_SetConfig  stm32f7xx_hal_tim.o
    0x08004cf8   0x00000064   Code   RO         6144    i.TIM_OC4_SetConfig  stm32f7xx_hal_tim.o
    0x08004d5c   0x00000058   Code   RO         6732    i.TIM_OC5_SetConfig  stm32f7xx_hal_tim_ex.o
    0x08004db4   0x00000058   Code   RO         6733    i.TIM_OC6_SetConfig  stm32f7xx_hal_tim_ex.o
    0x08004e0c   0x0000000e   Code   RO          479    i.ToChar            gps.o
    0x08004e1a   0x00000002   PAD
    0x08004e1c   0x000000a4   Code   RO          480    i.ToFloat           gps.o
    0x08004ec0   0x00000050   Code   RO          481    i.ToInt             gps.o
    0x08004f10   0x00000020   Code   RO          318    i.UART4_IRQHandler  stm32f7xx_it.o
    0x08004f30   0x00000020   Code   RO          319    i.UART7_IRQHandler  stm32f7xx_it.o
    0x08004f50   0x0000003c   Code   RO         7001    i.UART_EndTransmit_IT  stm32f7xx_hal_uart.o
    0x08004f8c   0x000000a0   Code   RO         7002    i.UART_Receive_IT   stm32f7xx_hal_uart.o
    0x0800502c   0x000000a4   Code   RO         7004    i.UART_Transmit_IT  stm32f7xx_hal_uart.o
    0x080050d0   0x000000f6   Code   RO         7005    i.UART_WaitOnFlagUntilTimeout  stm32f7xx_hal_uart.o
    0x080051c6   0x00000002   PAD
    0x080051c8   0x00000020   Code   RO          320    i.USART1_IRQHandler  stm32f7xx_it.o
    0x080051e8   0x00000038   Code   RO          321    i.USART2_IRQHandler  stm32f7xx_it.o
    0x08005220   0x00000004   Code   RO          322    i.UsageFault_Handler  stm32f7xx_it.o
    0x08005224   0x00000064   Code   RO          650    i.WifiSendCom_Check  wifi.o
    0x08005288   0x00000124   Code   RO            6    i.main              main.o
    0x080053ac   0x00000150   Code   RO         8059    x$fpl$dadd          fz_wm.l(daddsub_clz.o)
    0x080054fc   0x00000018   Code   RO         8102    x$fpl$dcmpinf       fz_wm.l(dcmpi.o)
    0x08005514   0x0000005a   Code   RO         8065    x$fpl$dfixu         fz_wm.l(dfixu.o)
    0x0800556e   0x00000002   PAD
    0x08005570   0x00000078   Code   RO         8078    x$fpl$dleqf         fz_wm.l(dleqf.o)
    0x080055e8   0x00000154   Code   RO         8069    x$fpl$dmul          fz_wm.l(dmul.o)
    0x0800573c   0x0000009c   Code   RO         8080    x$fpl$dnaninf       fz_wm.l(dnaninf.o)
    0x080057d8   0x0000000c   Code   RO         8082    x$fpl$dretinf       fz_wm.l(dretinf.o)
    0x080057e4   0x0000006c   Code   RO         8071    x$fpl$drleqf        fz_wm.l(drleqf.o)
    0x08005850   0x000001d4   Code   RO         8061    x$fpl$dsub          fz_wm.l(daddsub_clz.o)
    0x08005a24   0x0000000a   Code   RO         8189    x$fpl$fpinit        fz_wm.l(fpinit.o)
    0x08005a2e   0x00000000   Code   RO         8084    x$fpl$usenofp       fz_wm.l(usenofp.o)
    0x08005a2e   0x00000010   Data   RO         4355    .constdata          stm32f7xx_hal_rcc.o
    0x08005a3e   0x00000002   PAD
    0x08005a40   0x00000020   Data   RO         8245    Region$$Table       anon$$obj.o


    Execution Region RW_IRAM1 (Base: 0x20010000, Size: 0x00001718, Max: 0x00040000, ABSOLUTE, COMPRESSED[0x00000054])

    Base Addr    Size         Type   Attr      Idx    E Section Name        Object

    0x20010000   0x00000004   Data   RW          254    .data               system.o
    0x20010004   0x00000001   Data   RW          324    .data               stm32f7xx_it.o
    0x20010005   0x00000003   PAD
    0x20010008   0x000004e9   Data   RW          483    .data               gps.o
    0x200104f1   0x00000003   PAD
    0x200104f4   0x0000001e   Data   RW          585    .data               px4.o
    0x20010512   0x00000002   PAD
    0x20010514   0x0000000f   Data   RW          655    .data               wifi.o
    0x20010523   0x00000102   Data   RW          746    .data               ble.o
    0x20010625   0x00000003   PAD
    0x20010628   0x00000004   Data   RW         1489    .data               stm32f7xx_hal.o
    0x2001062c   0x00000004   Data   RW         8016    .data               system_stm32f7xx.o
    0x20010630   0x00000064   Zero   RW          323    .bss                stm32f7xx_it.o
    0x20010694   0x00000688   Zero   RW          482    .bss                gps.o
    0x20010d1c   0x0000015e   Zero   RW          584    .bss                px4.o
    0x20010e7a   0x00000002   PAD
    0x20010e7c   0x00000070   Zero   RW          654    .bss                wifi.o
    0x20010eec   0x00000170   Zero   RW          744    .bss                ble.o
    0x2001105c   0x00000058   Zero   RW         1428    .bss                pwm.o
    0x200110b4   0x00000060   Zero   RW         8119    .bss                c_w.l(libspace.o)
    0x20011114   0x00000004   PAD
    0x20011118   0x00000200   Zero   RW         8004    HEAP                startup_stm32f756xx.o
    0x20011318   0x00000400   Zero   RW         8003    STACK               startup_stm32f756xx.o


==============================================================================

Image component sizes


      Code (inc. data)   RO Data    RW Data    ZI Data      Debug   Object Name

        72         10          0        258        368       1243   ble.o
      2618        276          0       1257       1672       9600   gps.o
       292         74          0          0          0     388067   main.o
       474         40          0          0         88       2173   pwm.o
       466         26          0         30        350       3003   px4.o
        64         26        456          0       1536        820   startup_stm32f756xx.o
       130         16          0          4          0       3390   stm32f7xx_hal.o
       364         26          0          0          0      35377   stm32f7xx_hal_cortex.o
      9784        106          0          0          0       6277   stm32f7xx_hal_dma.o
       548         52          0          0          0       2260   stm32f7xx_hal_gpio.o
         2          0          0          0          0        478   stm32f7xx_hal_msp_template.o
       144          8          0          0          0       1164   stm32f7xx_hal_pwr_ex.o
      2216         46         16          0          0       4473   stm32f7xx_hal_rcc.o
       850        104          0          0          0       6374   stm32f7xx_hal_tim.o
       548         26          0          0          0       2628   stm32f7xx_hal_tim_ex.o
       910          0          0          0          0       5717   stm32f7xx_hal_uart.o
       222         42          0          1        100       7950   stm32f7xx_it.o
       590         36          0          4          0      40823   system.o
       100         18          0          4          0       1173   system_stm32f7xx.o
       100         12          0         15        112       1740   wifi.o

    ----------------------------------------------------------------------
     20516        944        506       1584       4228     524730   Object Totals
         0          0         32          0          0          0   (incl. Generated)
        22          0          2         11          2          0   (incl. Padding)

    ----------------------------------------------------------------------

      Code (inc. data)   RO Data    RW Data    ZI Data      Debug   Library Member Name

        90          0          0          0          0          0   __dczerorl2.o
         8          0          0          0          0         68   __main.o
         0          0          0          0          0          0   __rtentry.o
        12          0          0          0          0          0   __rtentry2.o
         6          0          0          0          0          0   __rtentry4.o
        52          8          0          0          0          0   __scatter.o
        28          0          0          0          0          0   __scatter_zi.o
        18          0          0          0          0         80   exit.o
         6          0          0          0          0        152   heapauxi.o
         0          0          0          0          0          0   indicate_semi.o
         2          0          0          0          0          0   libinit.o
         6          0          0          0          0          0   libinit2.o
         2          0          0          0          0          0   libshutdown.o
         2          0          0          0          0          0   libshutdown2.o
         8          4          0          0         96         68   libspace.o
       100          0          0          0          0         80   rt_memcpy_w.o
         2          0          0          0          0          0   rtexit.o
        10          0          0          0          0          0   rtexit2.o
        12          4          0          0          0         68   sys_exit.o
        74          0          0          0          0         80   sys_stackheap_outer.o
         2          0          0          0          0         68   use_no_semi.o
       804         16          0          0          0        368   daddsub_clz.o
        24          0          0          0          0        116   dcmpi.o
        90          4          0          0          0        140   dfixu.o
       120          4          0          0          0        140   dleqf.o
       340         12          0          0          0        152   dmul.o
       156          4          0          0          0        140   dnaninf.o
        12          0          0          0          0        116   dretinf.o
       108          0          0          0          0        128   drleqf.o
        10          0          0          0          0        116   fpinit.o
         0          0          0          0          0          0   usenofp.o

    ----------------------------------------------------------------------
      2114         56          0          0        100       2080   Library Totals
        10          0          0          0          4          0   (incl. Padding)

    ----------------------------------------------------------------------

      Code (inc. data)   RO Data    RW Data    ZI Data      Debug   Library Name

       440         16          0          0         96        664   c_w.l
      1664         40          0          0          0       1416   fz_wm.l

    ----------------------------------------------------------------------
      2114         56          0          0        100       2080   Library Totals

    ----------------------------------------------------------------------

==============================================================================


      Code (inc. data)   RO Data    RW Data    ZI Data      Debug   

     22630       1000        506       1584       4328     518402   Grand Totals
     22630       1000        506         84       4328     518402   ELF Image Totals (compressed)
     22630       1000        506         84          0          0   ROM Totals

==============================================================================

    Total RO  Size (Code + RO Data)                23136 (  22.59kB)
    Total RW  Size (RW Data + ZI Data)              5912 (   5.77kB)
    Total ROM Size (Code + RO Data + RW Data)      23220 (  22.68kB)

==============================================================================

